Archive member included to satisfy reference by file (symbol)

c:/ac6/systemworkbench/plugins/fr.ac6.mcu.externaltools.arm-none.win32_1.13.2.201705091103/tools/compiler/bin/../lib/gcc/arm-none-eabi/5.4.1/../../../../arm-none-eabi/lib/armv7e-m/fpu\libc_nano.a(lib_a-exit.o)
                              c:/ac6/systemworkbench/plugins/fr.ac6.mcu.externaltools.arm-none.win32_1.13.2.201705091103/tools/compiler/bin/../lib/gcc/arm-none-eabi/5.4.1/../../../../arm-none-eabi/lib/armv7e-m/fpu/rdimon-crt0.o (exit)
c:/ac6/systemworkbench/plugins/fr.ac6.mcu.externaltools.arm-none.win32_1.13.2.201705091103/tools/compiler/bin/../lib/gcc/arm-none-eabi/5.4.1/../../../../arm-none-eabi/lib/armv7e-m/fpu\libc_nano.a(lib_a-impure.o)
                              c:/ac6/systemworkbench/plugins/fr.ac6.mcu.externaltools.arm-none.win32_1.13.2.201705091103/tools/compiler/bin/../lib/gcc/arm-none-eabi/5.4.1/../../../../arm-none-eabi/lib/armv7e-m/fpu\libc_nano.a(lib_a-exit.o) (_global_impure_ptr)
c:/ac6/systemworkbench/plugins/fr.ac6.mcu.externaltools.arm-none.win32_1.13.2.201705091103/tools/compiler/bin/../lib/gcc/arm-none-eabi/5.4.1/../../../../arm-none-eabi/lib/armv7e-m/fpu\libc_nano.a(lib_a-init.o)
                              c:/ac6/systemworkbench/plugins/fr.ac6.mcu.externaltools.arm-none.win32_1.13.2.201705091103/tools/compiler/bin/../lib/gcc/arm-none-eabi/5.4.1/../../../../arm-none-eabi/lib/armv7e-m/fpu/rdimon-crt0.o (__libc_init_array)
c:/ac6/systemworkbench/plugins/fr.ac6.mcu.externaltools.arm-none.win32_1.13.2.201705091103/tools/compiler/bin/../lib/gcc/arm-none-eabi/5.4.1/../../../../arm-none-eabi/lib/armv7e-m/fpu\libc_nano.a(lib_a-memset.o)
                              c:/ac6/systemworkbench/plugins/fr.ac6.mcu.externaltools.arm-none.win32_1.13.2.201705091103/tools/compiler/bin/../lib/gcc/arm-none-eabi/5.4.1/../../../../arm-none-eabi/lib/armv7e-m/fpu/rdimon-crt0.o (memset)
c:/ac6/systemworkbench/plugins/fr.ac6.mcu.externaltools.arm-none.win32_1.13.2.201705091103/tools/compiler/bin/../lib/gcc/arm-none-eabi/5.4.1/../../../../arm-none-eabi/lib/armv7e-m/fpu\libc_nano.a(lib_a-nano-vfprintf_float.o)
                              (_printf_float)
c:/ac6/systemworkbench/plugins/fr.ac6.mcu.externaltools.arm-none.win32_1.13.2.201705091103/tools/compiler/bin/../lib/gcc/arm-none-eabi/5.4.1/../../../../arm-none-eabi/lib/armv7e-m/fpu\libc_nano.a(lib_a-nano-vfprintf_i.o)
                              c:/ac6/systemworkbench/plugins/fr.ac6.mcu.externaltools.arm-none.win32_1.13.2.201705091103/tools/compiler/bin/../lib/gcc/arm-none-eabi/5.4.1/../../../../arm-none-eabi/lib/armv7e-m/fpu\libc_nano.a(lib_a-nano-vfprintf_float.o) (_printf_common)
c:/ac6/systemworkbench/plugins/fr.ac6.mcu.externaltools.arm-none.win32_1.13.2.201705091103/tools/compiler/bin/../lib/gcc/arm-none-eabi/5.4.1/../../../../arm-none-eabi/lib/armv7e-m/fpu\libc_nano.a(lib_a-strlen.o)
                              c:/ac6/systemworkbench/plugins/fr.ac6.mcu.externaltools.arm-none.win32_1.13.2.201705091103/tools/compiler/bin/../lib/gcc/arm-none-eabi/5.4.1/../../../../arm-none-eabi/lib/armv7e-m/fpu\libc_nano.a(lib_a-nano-vfprintf_float.o) (strlen)
c:/ac6/systemworkbench/plugins/fr.ac6.mcu.externaltools.arm-none.win32_1.13.2.201705091103/tools/compiler/bin/../lib/gcc/arm-none-eabi/5.4.1/../../../../arm-none-eabi/lib/armv7e-m/fpu\libc_nano.a(lib_a-dtoa.o)
                              c:/ac6/systemworkbench/plugins/fr.ac6.mcu.externaltools.arm-none.win32_1.13.2.201705091103/tools/compiler/bin/../lib/gcc/arm-none-eabi/5.4.1/../../../../arm-none-eabi/lib/armv7e-m/fpu\libc_nano.a(lib_a-nano-vfprintf_float.o) (_dtoa_r)
c:/ac6/systemworkbench/plugins/fr.ac6.mcu.externaltools.arm-none.win32_1.13.2.201705091103/tools/compiler/bin/../lib/gcc/arm-none-eabi/5.4.1/../../../../arm-none-eabi/lib/armv7e-m/fpu\libc_nano.a(lib_a-localeconv.o)
                              c:/ac6/systemworkbench/plugins/fr.ac6.mcu.externaltools.arm-none.win32_1.13.2.201705091103/tools/compiler/bin/../lib/gcc/arm-none-eabi/5.4.1/../../../../arm-none-eabi/lib/armv7e-m/fpu\libc_nano.a(lib_a-nano-vfprintf_float.o) (_localeconv_r)
c:/ac6/systemworkbench/plugins/fr.ac6.mcu.externaltools.arm-none.win32_1.13.2.201705091103/tools/compiler/bin/../lib/gcc/arm-none-eabi/5.4.1/../../../../arm-none-eabi/lib/armv7e-m/fpu\libc_nano.a(lib_a-malloc.o)
                              c:/ac6/systemworkbench/plugins/fr.ac6.mcu.externaltools.arm-none.win32_1.13.2.201705091103/tools/compiler/bin/../lib/gcc/arm-none-eabi/5.4.1/../../../../arm-none-eabi/lib/armv7e-m/fpu\libc_nano.a(lib_a-dtoa.o) (malloc)
c:/ac6/systemworkbench/plugins/fr.ac6.mcu.externaltools.arm-none.win32_1.13.2.201705091103/tools/compiler/bin/../lib/gcc/arm-none-eabi/5.4.1/../../../../arm-none-eabi/lib/armv7e-m/fpu\libc_nano.a(lib_a-memchr.o)
[...]
Memory Configuration

Name             Origin             Length             Attributes
RAM              0x20000000         0x00030000         xrw
CCMRAM           0x10000000         0x00010000         rw
FLASH            0x08000000         0x00200000         xr
*default*        0x00000000         0xffffffff

Linker script and memory map

LOAD c:/ac6/systemworkbench/plugins/fr.ac6.mcu.externaltools.arm-none.win32_1.13.2.201705091103/tools/compiler/bin/../lib/gcc/arm-none-eabi/5.4.1/armv7e-m/fpu/crti.o
LOAD c:/ac6/systemworkbench/plugins/fr.ac6.mcu.externaltools.arm-none.win32_1.13.2.201705091103/tools/compiler/bin/../lib/gcc/arm-none-eabi/5.4.1/armv7e-m/fpu/crtbegin.o
LOAD c:/ac6/systemworkbench/plugins/fr.ac6.mcu.externaltools.arm-none.win32_1.13.2.201705091103/tools/compiler/bin/../lib/gcc/arm-none-eabi/5.4.1/../../../../arm-none-eabi/lib/armv7e-m/fpu/rdimon-crt0.o
LOAD c:/ac6/systemworkbench/plugins/fr.ac6.mcu.externaltools.arm-none.win32_1.13.2.201705091103/tools/compiler/bin/../lib/gcc/arm-none-eabi/5.4.1/../../../../arm-none-eabi/lib/armv7e-m/fpu\libc_nano.a
LOAD c:/ac6/systemworkbench/plugins/fr.ac6.mcu.externaltools.arm-none.win32_1.13.2.201705091103/tools/compiler/bin/../lib/gcc/arm-none-eabi/5.4.1/../../../../arm-none-eabi/lib/armv7e-m/fpu\librdimon_nano.a
LOAD Drivers/STM32F4xx_HAL_Driver/Src/stm32f4xx_hal.o
LOAD Drivers/STM32F4xx_HAL_Driver/Src/stm32f4xx_hal_cortex.o
LOAD Drivers/STM32F4xx_HAL_Driver/Src/stm32f4xx_hal_dma.o
LOAD Drivers/STM32F4xx_HAL_Driver/Src/stm32f4xx_hal_dma_ex.o
LOAD Drivers/STM32F4xx_HAL_Driver/Src/stm32f4xx_hal_flash.o
LOAD Drivers/STM32F4xx_HAL_Driver/Src/stm32f4xx_hal_flash_ex.o
LOAD Drivers/STM32F4xx_HAL_Driver/Src/stm32f4xx_hal_flash_ramfunc.o
LOAD Drivers/STM32F4xx_HAL_Driver/Src/stm32f4xx_hal_gpio.o
LOAD Drivers/STM32F4xx_HAL_Driver/Src/stm32f4xx_hal_pwr.o
LOAD Drivers/STM32F4xx_HAL_Driver/Src/stm32f4xx_hal_pwr_ex.o
LOAD Drivers/STM32F4xx_HAL_Driver/Src/stm32f4xx_hal_rcc.o
LOAD Drivers/STM32F4xx_HAL_Driver/Src/stm32f4xx_hal_rcc_ex.o
LOAD Drivers/STM32F4xx_HAL_Driver/Src/stm32f4xx_hal_tim.o
LOAD Drivers/STM32F4xx_HAL_Driver/Src/stm32f4xx_hal_tim_ex.o
LOAD Src/ADC.o
LOAD Src/Dma.o
LOAD Src/Flash.o
LOAD Src/Gpio.o
LOAD Src/I2C.o
LOAD Src/IWDG.o
LOAD Src/Rcc.o
LOAD Src/Rng.o
LOAD Src/Timer.o
LOAD Src/main.o
LOAD Src/stm32f4xx_hal_msp.o
LOAD Src/stm32f4xx_it.o
LOAD Src/system_stm32f4xx.o
LOAD Src/usart.o
LOAD startup/startup_stm32f429xx.o
LOAD c:/ac6/systemworkbench/plugins/fr.ac6.mcu.externaltools.arm-none.win32_1.13.2.201705091103/tools/compiler/bin/../lib/gcc/arm-none-eabi/5.4.1/../../../../arm-none-eabi/lib/armv7e-m/fpu\libm.a
START GROUP
LOAD c:/ac6/systemworkbench/plugins/fr.ac6.mcu.externaltools.arm-none.win32_1.13.2.201705091103/tools/compiler/bin/../lib/gcc/arm-none-eabi/5.4.1/armv7e-m/fpu\libgcc.a
LOAD c:/ac6/systemworkbench/plugins/fr.ac6.mcu.externaltools.arm-none.win32_1.13.2.201705091103/tools/compiler/bin/../lib/gcc/arm-none-eabi/5.4.1/../../../../arm-none-eabi/lib/armv7e-m/fpu\libc_nano.a
END GROUP
START GROUP
LOAD c:/ac6/systemworkbench/plugins/fr.ac6.mcu.externaltools.arm-none.win32_1.13.2.201705091103/tools/compiler/bin/../lib/gcc/arm-none-eabi/5.4.1/armv7e-m/fpu\libgcc.a
LOAD c:/ac6/systemworkbench/plugins/fr.ac6.mcu.externaltools.arm-none.win32_1.13.2.201705091103/tools/compiler/bin/../lib/gcc/arm-none-eabi/5.4.1/../../../../arm-none-eabi/lib/armv7e-m/fpu\libc_nano.a
LOAD c:/ac6/systemworkbench/plugins/fr.ac6.mcu.externaltools.arm-none.win32_1.13.2.201705091103/tools/compiler/bin/../lib/gcc/arm-none-eabi/5.4.1/../../../../arm-none-eabi/lib/armv7e-m/fpu\libnosys.a
END GROUP
START GROUP
LOAD c:/ac6/systemworkbench/plugins/fr.ac6.mcu.externaltools.arm-none.win32_1.13.2.201705091103/tools/compiler/bin/../lib/gcc/arm-none-eabi/5.4.1/armv7e-m/fpu\libgcc.a
LOAD c:/ac6/systemworkbench/plugins/fr.ac6.mcu.externaltools.arm-none.win32_1.13.2.201705091103/tools/compiler/bin/../lib/gcc/arm-none-eabi/5.4.1/../../../../arm-none-eabi/lib/armv7e-m/fpu\libc_nano.a
LOAD c:/ac6/systemworkbench/plugins/fr.ac6.mcu.externaltools.arm-none.win32_1.13.2.201705091103/tools/compiler/bin/../lib/gcc/arm-none-eabi/5.4.1/../../../../arm-none-eabi/lib/armv7e-m/fpu\librdimon_nano.a
LOAD c:/ac6/systemworkbench/plugins/fr.ac6.mcu.externaltools.arm-none.win32_1.13.2.201705091103/tools/compiler/bin/../lib/gcc/arm-none-eabi/5.4.1/../../../../arm-none-eabi/lib/armv7e-m/fpu\libnosys.a
END GROUP
START GROUP
LOAD c:/ac6/systemworkbench/plugins/fr.ac6.mcu.externaltools.arm-none.win32_1.13.2.201705091103/tools/compiler/bin/../lib/gcc/arm-none-eabi/5.4.1/armv7e-m/fpu\libgcc.a
LOAD c:/ac6/systemworkbench/plugins/fr.ac6.mcu.externaltools.arm-none.win32_1.13.2.201705091103/tools/compiler/bin/../lib/gcc/arm-none-eabi/5.4.1/../../../../arm-none-eabi/lib/armv7e-m/fpu\libc_nano.a
LOAD c:/ac6/systemworkbench/plugins/fr.ac6.mcu.externaltools.arm-none.win32_1.13.2.201705091103/tools/compiler/bin/../lib/gcc/arm-none-eabi/5.4.1/../../../../arm-none-eabi/lib/armv7e-m/fpu\librdimon_nano.a
END GROUP
LOAD c:/ac6/systemworkbench/plugins/fr.ac6.mcu.externaltools.arm-none.win32_1.13.2.201705091103/tools/compiler/bin/../lib/gcc/arm-none-eabi/5.4.1/armv7e-m/fpu/crtend.o
LOAD c:/ac6/systemworkbench/plugins/fr.ac6.mcu.externaltools.arm-none.win32_1.13.2.201705091103/tools/compiler/bin/../lib/gcc/arm-none-eabi/5.4.1/armv7e-m/fpu/crtn.o
                0x20030000                _estack = 0x20030000
                0x00000200                _Min_Heap_Size = 0x200
                0x00000400                _Min_Stack_Size = 0x400

.isr_vector     0x08000000      0x1ac
                0x08000000                . = ALIGN (0x4)
 *(.isr_vector)
 .isr_vector    0x08000000      0x1ac startup/startup_stm32f429xx.o
                0x08000000                g_pfnVectors
                0x080001ac                . = ALIGN (0x4)

.text           0x080001b0     0x42b4
                0x080001b0                . = ALIGN (0x4)
 *(.text)
 .text          0x080001b0       0x5c c:/ac6/systemworkbench/plugins/fr.ac6.mcu.externaltools.arm-none.win32_1.13.2.201705091103/tools/compiler/bin/../lib/gcc/arm-none-eabi/5.4.1/armv7e-m/fpu/crtbegin.o
 .text          0x0800020c       0x10 c:/ac6/systemworkbench/plugins/fr.ac6.mcu.externaltools.arm-none.win32_1.13.2.201705091103/tools/compiler/bin/../lib/gcc/arm-none-eabi/5.4.1/../../../../arm-none-eabi/lib/armv7e-m/fpu\libc_nano.a(lib_a-strlen.o)
                0x0800020c                strlen
 *fill*         0x0800021c        0x4 
 .text          0x08000220       0xa0 c:/ac6/systemworkbench/plugins/fr.ac6.mcu.externaltools.arm-none.win32_1.13.2.201705091103/tools/compiler/bin/../lib/gcc/arm-none-eabi/5.4.1/../../../../arm-none-eabi/lib/armv7e-m/fpu\libc_nano.a(lib_a-memchr.o)
                0x08000220                memchr
 .text          0x080002c0      0x370 c:/ac6/systemworkbench/plugins/fr.ac6.mcu.externaltools.arm-none.win32_1.13.2.201705091103/tools/compiler/bin/../lib/gcc/arm-none-eabi/5.4.1/armv7e-m/fpu\libgcc.a(_arm_addsubdf3.o)
                0x080002c0                __aeabi_drsub
                0x080002c8                __aeabi_dsub
                0x080002c8                __subdf3
                0x080002cc                __aeabi_dadd
                0x080002cc                __adddf3
                0x08000544                __floatunsidf
                0x08000544                __aeabi_ui2d
                0x08000564                __floatsidf
                0x08000564                __aeabi_i2d
                0x08000588                __aeabi_f2d
                0x08000588                __extendsfdf2
                0x080005c4                __floatundidf
                0x080005c4                __aeabi_ul2d
                0x080005d4                __floatdidf
                0x080005d4                __aeabi_l2d
 .text          0x08000630      0x424 c:/ac6/systemworkbench/plugins/fr.ac6.mcu.externaltools.arm-none.win32_1.13.2.201705091103/tools/compiler/bin/../lib/gcc/arm-none-eabi/5.4.1/armv7e-m/fpu\libgcc.a(_arm_muldivdf3.o)
                0x08000630                __aeabi_dmul
                0x08000630                __muldf3
                0x08000884                __divdf3
                0x08000884                __aeabi_ddiv
 .text          0x08000a54      0x110 c:/ac6/systemworkbench/plugins/fr.ac6.mcu.externaltools.arm-none.win32_1.13.2.201705091103/tools/compiler/bin/../lib/gcc/arm-none-eabi/5.4.1/armv7e-m/fpu\libgcc.a(_arm_cmpdf2.o)
                0x08000a54                __gtdf2
                0x08000a54                __gedf2
                0x08000a5c                __ltdf2
                0x08000a5c                __ledf2
                0x08000a64                __nedf2
                0x08000a64                __eqdf2
                0x08000a64                __cmpdf2
                0x08000ae0                __aeabi_cdrcmple
                0x08000af0                __aeabi_cdcmpeq
                0x08000af0                __aeabi_cdcmple
                0x08000b00                __aeabi_dcmpeq
                0x08000b14                __aeabi_dcmplt
                0x08000b28                __aeabi_dcmple
                0x08000b3c                __aeabi_dcmpge
                0x08000b50                __aeabi_dcmpgt
 .text          0x08000b64       0x2c c:/ac6/systemworkbench/plugins/fr.ac6.mcu.externaltools.arm-none.win32_1.13.2.201705091103/tools/compiler/bin/../lib/gcc/arm-none-eabi/5.4.1/armv7e-m/fpu\libgcc.a(_arm_unorddf2.o)
                0x08000b64                __unorddf2
                0x08000b64                __aeabi_dcmpun
 .text          0x08000b90       0x50 c:/ac6/systemworkbench/plugins/fr.ac6.mcu.externaltools.arm-none.win32_1.13.2.201705091103/tools/compiler/bin/../lib/gcc/arm-none-eabi/5.4.1/armv7e-m/fpu\libgcc.a(_arm_fixdfsi.o)
                0x08000b90                __aeabi_d2iz
                0x08000b90                __fixdfsi
 *(.text*)
 .text.__libc_init_array
                0x08000be0       0x4c c:/ac6/systemworkbench/plugins/fr.ac6.mcu.externaltools.arm-none.win32_1.13.2.201705091103/tools/compiler/bin/../lib/gcc/arm-none-eabi/5.4.1/../../../../arm-none-eabi/lib/armv7e-m/fpu\libc_nano.a(lib_a-init.o)
                0x08000be0                __libc_init_array
 .text.memset   0x08000c2c       0x10 c:/ac6/systemworkbench/plugins/fr.ac6.mcu.externaltools.arm-none.win32_1.13.2.201705091103/tools/compiler/bin/../lib/gcc/arm-none-eabi/5.4.1/../../../../arm-none-eabi/lib/armv7e-m/fpu\libc_nano.a(lib_a-memset.o)
                0x08000c2c                memset
 .text.__cvt    0x08000c3c       0xc8 c:/ac6/systemworkbench/plugins/fr.ac6.mcu.externaltools.arm-none.win32_1.13.2.201705091103/tools/compiler/bin/../lib/gcc/arm-none-eabi/5.4.1/../../../../arm-none-eabi/lib/armv7e-m/fpu\libc_nano.a(lib_a-nano-vfprintf_float.o)
                0x08000c3c                __cvt
 .text.__exponent
                0x08000d04       0x60 c:/ac6/systemworkbench/plugins/fr.ac6.mcu.externaltools.arm-none.win32_1.13.2.201705091103/tools/compiler/bin/../lib/gcc/arm-none-eabi/5.4.1/../../../../arm-none-eabi/lib/armv7e-m/fpu\libc_nano.a(lib_a-nano-vfprintf_float.o)
                0x08000d04                __exponent
 .text._printf_float
                0x08000d64      0x47c c:/ac6/systemworkbench/plugins/fr.ac6.mcu.externaltools.arm-none.win32_1.13.2.201705091103/tools/compiler/bin/../lib/gcc/arm-none-eabi/5.4.1/../../../../arm-none-eabi/lib/armv7e-m/fpu\libc_nano.a(lib_a-nano-vfprintf_float.o)
                0x08000d64                _printf_float
 .text._printf_common
                0x080011e0       0xec c:/ac6/systemworkbench/plugins/fr.ac6.mcu.externaltools.arm-none.win32_1.13.2.201705091103/tools/compiler/bin/../lib/gcc/arm-none-eabi/5.4.1/../../../../arm-none-eabi/lib/armv7e-m/fpu\libc_nano.a(lib_a-nano-vfprintf_i.o)
                0x080011e0                _printf_common
 .text._printf_i
                0x080012cc      0x24c c:/ac6/systemworkbench/plugins/fr.ac6.mcu.externaltools.arm-none.win32_1.13.2.201705091103/tools/compiler/bin/../lib/gcc/arm-none-eabi/5.4.1/../../../../arm-none-eabi/lib/armv7e-m/fpu\libc_nano.a(lib_a-nano-vfprintf_i.o)
                0x080012cc                _printf_i
 .text.quorem   0x08001518      0x11e c:/ac6/systemworkbench/plugins/fr.ac6.mcu.externaltools.arm-none.win32_1.13.2.201705091103/tools/compiler/bin/../lib/gcc/arm-none-eabi/5.4.1/../../../../arm-none-eabi/lib/armv7e-m/fpu\libc_nano.a(lib_a-dtoa.o)
 *fill*         0x08001636        0x2 
 .text._dtoa_r  0x08001638      0xb40 c:/ac6/systemworkbench/plugins/fr.ac6.mcu.externaltools.arm-none.win32_1.13.2.201705091103/tools/compiler/bin/../lib/gcc/arm-none-eabi/5.4.1/../../../../arm-none-eabi/lib/armv7e-m/fpu\libc_nano.a(lib_a-dtoa.o)
                0x08001638                _dtoa_r
 .text._localeconv_r
                0x08002178       0x1c c:/ac6/systemworkbench/plugins/fr.ac6.mcu.externaltools.arm-none.win32_1.13.2.201705091103/tools/compiler/bin/../lib/gcc/arm-none-eabi/5.4.1/../../../../arm-none-eabi/lib/armv7e-m/fpu\libc_nano.a(lib_a-localeconv.o)
                0x08002178                _localeconv_r
 .text.malloc   0x08002194       0x10 c:/ac6/systemworkbench/plugins/fr.ac6.mcu.externaltools.arm-none.win32_1.13.2.201705091103/tools/compiler/bin/../lib/gcc/arm-none-eabi/5.4.1/../../../../arm-none-eabi/lib/armv7e-m/fpu\libc_nano.a(lib_a-malloc.o)
                0x08002194                malloc
 .text.memcpy   0x080021a4       0x16 c:/ac6/systemworkbench/plugins/fr.ac6.mcu.externaltools.arm-none.win32_1.13.2.201705091103/tools/compiler/bin/../lib/gcc/arm-none-eabi/5.4.1/../../../../arm-none-eabi/lib/armv7e-m/fpu\libc_nano.a(lib_a-memcpy-stub.o)
                0x080021a4                memcpy
 .text._Balloc  0x080021ba       0x6a c:/ac6/systemworkbench/plugins/fr.ac6.mcu.externaltools.arm-none.win32_1.13.2.201705091103/tools/compiler/bin/../lib/gcc/arm-none-eabi/5.4.1/../../../../arm-none-eabi/lib/armv7e-m/fpu\libc_nano.a(lib_a-mprec.o)
                0x080021ba                _Balloc
 .text._Bfree   0x08002224       0x2e c:/ac6/systemworkbench/plugins/fr.ac6.mcu.externaltools.arm-none.win32_1.13.2.201705091103/tools/compiler/bin/../lib/gcc/arm-none-eabi/5.4.1/../../../../arm-none-eabi/lib/armv7e-m/fpu\libc_nano.a(lib_a-mprec.o)
                0x08002224                _Bfree
 .text.__multadd
                0x08002252       0x76 c:/ac6/systemworkbench/plugins/fr.ac6.mcu.externaltools.arm-none.win32_1.13.2.201705091103/tools/compiler/bin/../lib/gcc/arm-none-eabi/5.4.1/../../../../arm-none-eabi/lib/armv7e-m/fpu\libc_nano.a(lib_a-mprec.o)
                0x08002252                __multadd
 .text.__hi0bits
                0x080022c8       0x40 c:/ac6/systemworkbench/plugins/fr.ac6.mcu.externaltools.arm-none.win32_1.13.2.201705091103/tools/compiler/bin/../lib/gcc/arm-none-eabi/5.4.1/../../../../arm-none-eabi/lib/armv7e-m/fpu\libc_nano.a(lib_a-mprec.o)
                0x080022c8                __hi0bits
 .text.__lo0bits
                0x08002308       0x5a c:/ac6/systemworkbench/plugins/fr.ac6.mcu.externaltools.arm-none.win32_1.13.2.201705091103/tools/compiler/bin/../lib/gcc/arm-none-eabi/5.4.1/../../../../arm-none-eabi/lib/armv7e-m/fpu\libc_nano.a(lib_a-mprec.o)
                0x08002308                __lo0bits
 .text.__i2b    0x08002362       0x12 c:/ac6/systemworkbench/plugins/fr.ac6.mcu.externaltools.arm-none.win32_1.13.2.201705091103/tools/compiler/bin/../lib/gcc/arm-none-eabi/5.4.1/../../../../arm-none-eabi/lib/armv7e-m/fpu\libc_nano.a(lib_a-mprec.o)
                0x08002362                __i2b
 .text.__multiply
                0x08002374      0x122 c:/ac6/systemworkbench/plugins/fr.ac6.mcu.externaltools.arm-none.win32_1.13.2.201705091103/tools/compiler/bin/../lib/gcc/arm-none-eabi/5.4.1/../../../../arm-none-eabi/lib/armv7e-m/fpu\libc_nano.a(lib_a-mprec.o)
                0x08002374                __multiply
 *fill*         0x08002496        0x2 
 .text.__pow5mult
                0x08002498       0x9c c:/ac6/systemworkbench/plugins/fr.ac6.mcu.externaltools.arm-none.win32_1.13.2.201705091103/tools/compiler/bin/../lib/gcc/arm-none-eabi/5.4.1/../../../../arm-none-eabi/lib/armv7e-m/fpu\libc_nano.a(lib_a-mprec.o)
                0x08002498                __pow5mult
 .text.__lshift
                0x08002534       0xa2 c:/ac6/systemworkbench/plugins/fr.ac6.mcu.externaltools.arm-none.win32_1.13.2.201705091103/tools/compiler/bin/../lib/gcc/arm-none-eabi/5.4.1/../../../../arm-none-eabi/lib/armv7e-m/fpu\libc_nano.a(lib_a-mprec.o)
                0x08002534                __lshift
 .text.__mcmp   0x080025d6       0x38 c:/ac6/systemworkbench/plugins/fr.ac6.mcu.externaltools.arm-none.win32_1.13.2.201705091103/tools/compiler/bin/../lib/gcc/arm-none-eabi/5.4.1/../../../../arm-none-eabi/lib/armv7e-m/fpu\libc_nano.a(lib_a-mprec.o)
                0x080025d6                __mcmp
 .text.__mdiff  0x0800260e       0xbe c:/ac6/systemworkbench/plugins/fr.ac6.mcu.externaltools.arm-none.win32_1.13.2.201705091103/tools/compiler/bin/../lib/gcc/arm-none-eabi/5.4.1/../../../../arm-none-eabi/lib/armv7e-m/fpu\libc_nano.a(lib_a-mprec.o)
                0x0800260e                __mdiff
 .text.__d2b    0x080026cc       0x9c c:/ac6/systemworkbench/plugins/fr.ac6.mcu.externaltools.arm-none.win32_1.13.2.201705091103/tools/compiler/bin/../lib/gcc/arm-none-eabi/5.4.1/../../../../arm-none-eabi/lib/armv7e-m/fpu\libc_nano.a(lib_a-mprec.o)
                0x080026cc                __d2b
 .text._calloc_r
                0x08002768       0x1c c:/ac6/systemworkbench/plugins/fr.ac6.mcu.externaltools.arm-none.win32_1.13.2.201705091103/tools/compiler/bin/../lib/gcc/arm-none-eabi/5.4.1/../../../../arm-none-eabi/lib/armv7e-m/fpu\libc_nano.a(lib_a-nano-callocr.o)
                0x08002768                _calloc_r
 .text._free_r  0x08002784       0x9c c:/ac6/systemworkbench/plugins/fr.ac6.mcu.externaltools.arm-none.win32_1.13.2.201705091103/tools/compiler/bin/../lib/gcc/arm-none-eabi/5.4.1/../../../../arm-none-eabi/lib/armv7e-m/fpu\libc_nano.a(lib_a-nano-freer.o)
                0x08002784                _free_r
 .text._malloc_r
                0x08002820       0xbc c:/ac6/systemworkbench/plugins/fr.ac6.mcu.externaltools.arm-none.win32_1.13.2.201705091103/tools/compiler/bin/../lib/gcc/arm-none-eabi/5.4.1/../../../../arm-none-eabi/lib/armv7e-m/fpu\libc_nano.a(lib_a-nano-mallocr.o)
                0x08002820                _malloc_r
 .text._sbrk_r  0x080028dc       0x20 c:/ac6/systemworkbench/plugins/fr.ac6.mcu.externaltools.arm-none.win32_1.13.2.201705091103/tools/compiler/bin/../lib/gcc/arm-none-eabi/5.4.1/../../../../arm-none-eabi/lib/armv7e-m/fpu\libc_nano.a(lib_a-sbrkr.o)
                0x080028dc                _sbrk_r
 .text.__ascii_mbtowc
                0x080028fc       0x24 c:/ac6/systemworkbench/plugins/fr.ac6.mcu.externaltools.arm-none.win32_1.13.2.201705091103/tools/compiler/bin/../lib/gcc/arm-none-eabi/5.4.1/../../../../arm-none-eabi/lib/armv7e-m/fpu\libc_nano.a(lib_a-mbtowc_r.o)
                0x080028fc                __ascii_mbtowc
 .text.__malloc_lock
                0x08002920        0x2 c:/ac6/systemworkbench/plugins/fr.ac6.mcu.externaltools.arm-none.win32_1.13.2.201705091103/tools/compiler/bin/../lib/gcc/arm-none-eabi/5.4.1/../../../../arm-none-eabi/lib/armv7e-m/fpu\libc_nano.a(lib_a-mlock.o)
                0x08002920                __malloc_lock
 .text.__malloc_unlock
                0x08002922        0x2 c:/ac6/systemworkbench/plugins/fr.ac6.mcu.externaltools.arm-none.win32_1.13.2.201705091103/tools/compiler/bin/../lib/gcc/arm-none-eabi/5.4.1/../../../../arm-none-eabi/lib/armv7e-m/fpu\libc_nano.a(lib_a-mlock.o)
                0x08002922                __malloc_unlock
 .text.__ascii_wctomb
                0x08002924       0x1a c:/ac6/systemworkbench/plugins/fr.ac6.mcu.externaltools.arm-none.win32_1.13.2.201705091103/tools/compiler/bin/../lib/gcc/arm-none-eabi/5.4.1/../../../../arm-none-eabi/lib/armv7e-m/fpu\libc_nano.a(lib_a-wctomb_r.o)
                0x08002924                __ascii_wctomb
 *fill*         0x0800293e        0x2 
 .text.findslot
                0x08002940       0x34 c:/ac6/systemworkbench/plugins/fr.ac6.mcu.externaltools.arm-none.win32_1.13.2.201705091103/tools/compiler/bin/../lib/gcc/arm-none-eabi/5.4.1/../../../../arm-none-eabi/lib/armv7e-m/fpu\librdimon_nano.a(rdimon-syscalls.o)
 .text.checkerror
                0x08002974       0x20 c:/ac6/systemworkbench/plugins/fr.ac6.mcu.externaltools.arm-none.win32_1.13.2.201705091103/tools/compiler/bin/../lib/gcc/arm-none-eabi/5.4.1/../../../../arm-none-eabi/lib/armv7e-m/fpu\librdimon_nano.a(rdimon-syscalls.o)
 .text.error    0x08002994       0x1c c:/ac6/systemworkbench/plugins/fr.ac6.mcu.externaltools.arm-none.win32_1.13.2.201705091103/tools/compiler/bin/../lib/gcc/arm-none-eabi/5.4.1/../../../../arm-none-eabi/lib/armv7e-m/fpu\librdimon_nano.a(rdimon-syscalls.o)
 .text.initialise_monitor_handles
                0x080029b0       0xa4 c:/ac6/systemworkbench/plugins/fr.ac6.mcu.externaltools.arm-none.win32_1.13.2.201705091103/tools/compiler/bin/../lib/gcc/arm-none-eabi/5.4.1/../../../../arm-none-eabi/lib/armv7e-m/fpu\librdimon_nano.a(rdimon-syscalls.o)
                0x080029b0                initialise_monitor_handles
 .text._swiread
                0x08002a54       0x20 c:/ac6/systemworkbench/plugins/fr.ac6.mcu.externaltools.arm-none.win32_1.13.2.201705091103/tools/compiler/bin/../lib/gcc/arm-none-eabi/5.4.1/../../../../arm-none-eabi/lib/armv7e-m/fpu\librdimon_nano.a(rdimon-syscalls.o)
                0x08002a54                _swiread
 .text._read    0x08002a74       0x34 c:/ac6/systemworkbench/plugins/fr.ac6.mcu.externaltools.arm-none.win32_1.13.2.201705091103/tools/compiler/bin/../lib/gcc/arm-none-eabi/5.4.1/../../../../arm-none-eabi/lib/armv7e-m/fpu\librdimon_nano.a(rdimon-syscalls.o)
                0x08002a74                _read
 .text._swilseek
                0x08002aa8       0x7a c:/ac6/systemworkbench/plugins/fr.ac6.mcu.externaltools.arm-none.win32_1.13.2.201705091103/tools/compiler/bin/../lib/gcc/arm-none-eabi/5.4.1/../../../../arm-none-eabi/lib/armv7e-m/fpu\librdimon_nano.a(rdimon-syscalls.o)
                0x08002aa8                _swilseek
 .text._lseek   0x08002b22        0x4 c:/ac6/systemworkbench/plugins/fr.ac6.mcu.externaltools.arm-none.win32_1.13.2.201705091103/tools/compiler/bin/../lib/gcc/arm-none-eabi/5.4.1/../../../../arm-none-eabi/lib/armv7e-m/fpu\librdimon_nano.a(rdimon-syscalls.o)
                0x08002b22                _lseek
 .text._swiwrite
                0x08002b26       0x20 c:/ac6/systemworkbench/plugins/fr.ac6.mcu.externaltools.arm-none.win32_1.13.2.201705091103/tools/compiler/bin/../lib/gcc/arm-none-eabi/5.4.1/../../../../arm-none-eabi/lib/armv7e-m/fpu\librdimon_nano.a(rdimon-syscalls.o)
                0x08002b26                _swiwrite
 .text._write   0x08002b46       0x42 c:/ac6/systemworkbench/plugins/fr.ac6.mcu.externaltools.arm-none.win32_1.13.2.201705091103/tools/compiler/bin/../lib/gcc/arm-none-eabi/5.4.1/../../../../arm-none-eabi/lib/armv7e-m/fpu\librdimon_nano.a(rdimon-syscalls.o)
                0x08002b46                _write
 .text._swiclose
                0x08002b88       0x1c c:/ac6/systemworkbench/plugins/fr.ac6.mcu.externaltools.arm-none.win32_1.13.2.201705091103/tools/compiler/bin/../lib/gcc/arm-none-eabi/5.4.1/../../../../arm-none-eabi/lib/armv7e-m/fpu\librdimon_nano.a(rdimon-syscalls.o)
                0x08002b88                _swiclose
 .text._close   0x08002ba4       0x48 c:/ac6/systemworkbench/plugins/fr.ac6.mcu.externaltools.arm-none.win32_1.13.2.201705091103/tools/compiler/bin/../lib/gcc/arm-none-eabi/5.4.1/../../../../arm-none-eabi/lib/armv7e-m/fpu\librdimon_nano.a(rdimon-syscalls.o)
                0x08002ba4                _close
 .text._sbrk    0x08002bec       0x48 c:/ac6/systemworkbench/plugins/fr.ac6.mcu.externaltools.arm-none.win32_1.13.2.201705091103/tools/compiler/bin/../lib/gcc/arm-none-eabi/5.4.1/../../../../arm-none-eabi/lib/armv7e-m/fpu\librdimon_nano.a(rdimon-syscalls.o)
                0x08002bec                _sbrk
 .text._swistat
                0x08002c34       0x42 c:/ac6/systemworkbench/plugins/fr.ac6.mcu.externaltools.arm-none.win32_1.13.2.201705091103/tools/compiler/bin/../lib/gcc/arm-none-eabi/5.4.1/../../../../arm-none-eabi/lib/armv7e-m/fpu\librdimon_nano.a(rdimon-syscalls.o)
                0x08002c34                _swistat
 .text._fstat   0x08002c76       0x1c c:/ac6/systemworkbench/plugins/fr.ac6.mcu.externaltools.arm-none.win32_1.13.2.201705091103/tools/compiler/bin/../lib/gcc/arm-none-eabi/5.4.1/../../../../arm-none-eabi/lib/armv7e-m/fpu\librdimon_nano.a(rdimon-syscalls.o)
                0x08002c76                _fstat
 .text._isatty  0x08002c92       0x38 c:/ac6/systemworkbench/plugins/fr.ac6.mcu.externaltools.arm-none.win32_1.13.2.201705091103/tools/compiler/bin/../lib/gcc/arm-none-eabi/5.4.1/../../../../arm-none-eabi/lib/armv7e-m/fpu\librdimon_nano.a(rdimon-syscalls.o)
                0x08002c92                _isatty
 *fill*         0x08002cca        0x2 
 .text.HAL_InitTick
                0x08002ccc       0x2c Drivers/STM32F4xx_HAL_Driver/Src/stm32f4xx_hal.o
                0x08002ccc                HAL_InitTick
 .text.HAL_Init
                0x08002cf8       0x34 Drivers/STM32F4xx_HAL_Driver/Src/stm32f4xx_hal.o
                0x08002cf8                HAL_Init
 .text.HAL_IncTick
                0x08002d2c       0x10 Drivers/STM32F4xx_HAL_Driver/Src/stm32f4xx_hal.o
                0x08002d2c                HAL_IncTick
 .text.HAL_GetTick
                0x08002d3c        0xc Drivers/STM32F4xx_HAL_Driver/Src/stm32f4xx_hal.o
                0x08002d3c                HAL_GetTick
 .text.HAL_NVIC_SetPriorityGrouping
                0x08002d48       0x24 Drivers/STM32F4xx_HAL_Driver/Src/stm32f4xx_hal_cortex.o
                0x08002d48                HAL_NVIC_SetPriorityGrouping
 .text.HAL_NVIC_SetPriority
                0x08002d6c       0x64 Drivers/STM32F4xx_HAL_Driver/Src/stm32f4xx_hal_cortex.o
                0x08002d6c                HAL_NVIC_SetPriority
 .text.HAL_SYSTICK_Config
                0x08002dd0       0x2c Drivers/STM32F4xx_HAL_Driver/Src/stm32f4xx_hal_cortex.o
                0x08002dd0                HAL_SYSTICK_Config
 .text.HAL_SYSTICK_CLKSourceConfig
                0x08002dfc       0x20 Drivers/STM32F4xx_HAL_Driver/Src/stm32f4xx_hal_cortex.o
                0x08002dfc                HAL_SYSTICK_CLKSourceConfig
 .text.HAL_SYSTICK_Callback
                0x08002e1c        0x4 Drivers/STM32F4xx_HAL_Driver/Src/stm32f4xx_hal_cortex.o
                0x08002e1c                HAL_SYSTICK_Callback
 .text.HAL_SYSTICK_IRQHandler
                0x08002e20        0x8 Drivers/STM32F4xx_HAL_Driver/Src/stm32f4xx_hal_cortex.o
                0x08002e20                HAL_SYSTICK_IRQHandler
 .text.HAL_PWREx_EnableOverDrive
                0x08002e28       0xa4 Drivers/STM32F4xx_HAL_Driver/Src/stm32f4xx_hal_pwr_ex.o
                0x08002e28                HAL_PWREx_EnableOverDrive
 .text.HAL_RCC_OscConfig
                0x08002ecc      0x3c8 Drivers/STM32F4xx_HAL_Driver/Src/stm32f4xx_hal_rcc.o
                0x08002ecc                HAL_RCC_OscConfig
 .text.HAL_RCC_GetSysClockFreq
                0x08003294       0xa4 Drivers/STM32F4xx_HAL_Driver/Src/stm32f4xx_hal_rcc.o
                0x08003294                HAL_RCC_GetSysClockFreq
 .text.HAL_RCC_ClockConfig
                0x08003338      0x1b0 Drivers/STM32F4xx_HAL_Driver/Src/stm32f4xx_hal_rcc.o
                0x08003338                HAL_RCC_ClockConfig
 .text.HAL_RCC_GetHCLKFreq
                0x080034e8        0xc Drivers/STM32F4xx_HAL_Driver/Src/stm32f4xx_hal_rcc.o
                0x080034e8                HAL_RCC_GetHCLKFreq
 .text.gpioConfig
                0x080034f4       0x54 Src/Gpio.o
                0x080034f4                gpioConfig
 .text.gpioWrite
                0x08003548       0x1c Src/Gpio.o
                0x08003548                gpioWrite
 .text.configWWDG
                0x08003564       0x10 Src/IWDG.o
                0x08003564                configWWDG
 .text.setWindowValue
                0x08003574       0x10 Src/IWDG.o
                0x08003574                setWindowValue
 .text.clearEWIF
                0x08003584        0xc Src/IWDG.o
                0x08003584                clearEWIF
 .text.WwdgTimer500ms
                0x08003590       0x38 Src/IWDG.o
                0x08003590                WwdgTimer500ms
 .text.enableGpioG
                0x080035c8       0x1c Src/Rcc.o
                0x080035c8                enableGpioG
 .text.enableGpioA
                0x080035e4       0x1c Src/Rcc.o
                0x080035e4                enableGpioA
 .text.enableGpioB
                0x08003600       0x1c Src/Rcc.o
                0x08003600                enableGpioB
 .text.enableGpioF
                0x0800361c       0x1c Src/Rcc.o
                0x0800361c                enableGpioF
 .text.enableWatchdog
                0x08003638       0x18 Src/Rcc.o
                0x08003638                enableWatchdog
 .text.clearResetFlag
                0x08003650       0x10 Src/Rcc.o
                0x08003650                clearResetFlag
 .text.printCauseOfReset
                0x08003660       0xb0 Src/Rcc.o
                0x08003660                printCauseOfReset
 .text.MX_GPIO_Init
                0x08003710       0x38 Src/main.o
 .text.EXTI0_IRQHandler
                0x08003748       0x2c Src/main.o
                0x08003748                EXTI0_IRQHandler
 .text.HASH_RNG_IRQHandler
                0x08003774       0x10 Src/main.o
                0x08003774                HASH_RNG_IRQHandler
 .text._Error_Handler
                0x08003784        0x4 Src/main.o
                0x08003784                _Error_Handler
 .text.SystemClock_Config
                0x08003788       0xdc Src/main.o
                0x08003788                SystemClock_Config
 .text.main     0x08003864       0x9c Src/main.o
                0x08003864                main
 .text.HAL_MspInit
                0x08003900       0x60 Src/stm32f4xx_hal_msp.o
                0x08003900                HAL_MspInit
 .text.NMI_Handler
                0x08003960        0x4 Src/stm32f4xx_it.o
                0x08003960                NMI_Handler
 .text.HardFault_Handler
                0x08003964        0x4 Src/stm32f4xx_it.o
                0x08003964                HardFault_Handler
 .text.MemManage_Handler
                0x08003968        0x4 Src/stm32f4xx_it.o
                0x08003968                MemManage_Handler
 .text.BusFault_Handler
                0x0800396c        0x4 Src/stm32f4xx_it.o
                0x0800396c                BusFault_Handler
 .text.UsageFault_Handler
                0x08003970        0x4 Src/stm32f4xx_it.o
                0x08003970                UsageFault_Handler
 .text.SVC_Handler
                0x08003974        0x4 Src/stm32f4xx_it.o
                0x08003974                SVC_Handler
 .text.DebugMon_Handler
                0x08003978        0x4 Src/stm32f4xx_it.o
                0x08003978                DebugMon_Handler
 .text.PendSV_Handler
                0x0800397c        0x4 Src/stm32f4xx_it.o
                0x0800397c                PendSV_Handler
 .text.SysTick_Handler
                0x08003980        0xc Src/stm32f4xx_it.o
                0x08003980                SysTick_Handler
 .text.SystemInit
                0x0800398c       0x4c Src/system_stm32f4xx.o
                0x0800398c                SystemInit
 .text.Reset_Handler
                0x080039d8       0x50 startup/startup_stm32f429xx.o
                0x080039d8                Reset_Handler
 .text.Default_Handler
                0x08003a28        0x2 startup/startup_stm32f429xx.o
                0x08003a28                RTC_Alarm_IRQHandler
                0x08003a28                EXTI2_IRQHandler
                0x08003a28                TIM8_CC_IRQHandler
                0x08003a28                UART8_IRQHandler
                0x08003a28                SPI4_IRQHandler
                0x08003a28                TIM1_CC_IRQHandler
                0x08003a28                DMA2_Stream5_IRQHandler
                0x08003a28                DMA1_Stream5_IRQHandler
                0x08003a28                PVD_IRQHandler
                0x08003a28                SDIO_IRQHandler
                0x08003a28                TAMP_STAMP_IRQHandler
                0x08003a28                CAN2_RX1_IRQHandler
                0x08003a28                EXTI3_IRQHandler
                0x08003a28                TIM8_TRG_COM_TIM14_IRQHandler
                0x08003a28                TIM1_UP_TIM10_IRQHandler
                0x08003a28                TIM8_UP_TIM13_IRQHandler
                0x08003a28                I2C3_ER_IRQHandler
                0x08003a28                I2C2_EV_IRQHandler
                0x08003a28                DMA1_Stream2_IRQHandler
                0x08003a28                CAN1_RX0_IRQHandler
                0x08003a28                FPU_IRQHandler
                0x08003a28                OTG_HS_WKUP_IRQHandler
                0x08003a28                LTDC_ER_IRQHandler
                0x08003a28                CAN2_SCE_IRQHandler
                0x08003a28                DMA2_Stream2_IRQHandler
                0x08003a28                SPI1_IRQHandler
                0x08003a28                TIM6_DAC_IRQHandler
                0x08003a28                TIM1_BRK_TIM9_IRQHandler
                0x08003a28                DCMI_IRQHandler
                0x08003a28                CAN2_RX0_IRQHandler
                0x08003a28                DMA2_Stream3_IRQHandler
                0x08003a28                USART6_IRQHandler
                0x08003a28                USART3_IRQHandler
                0x08003a28                CAN1_RX1_IRQHandler
                0x08003a28                UART5_IRQHandler
                0x08003a28                DMA2_Stream0_IRQHandler
                0x08003a28                TIM4_IRQHandler
                0x08003a28                I2C1_EV_IRQHandler
                0x08003a28                DMA1_Stream6_IRQHandler
                0x08003a28                DMA1_Stream1_IRQHandler
                0x08003a28                UART4_IRQHandler
                0x08003a28                TIM3_IRQHandler
                0x08003a28                RCC_IRQHandler
                0x08003a28                TIM8_BRK_TIM12_IRQHandler
                0x08003a28                Default_Handler
                0x08003a28                EXTI15_10_IRQHandler
                0x08003a28                ADC_IRQHandler
                0x08003a28                DMA1_Stream7_IRQHandler
                0x08003a28                SPI5_IRQHandler
                0x08003a28                TIM7_IRQHandler
                0x08003a28                CAN2_TX_IRQHandler
                0x08003a28                TIM5_IRQHandler
                0x08003a28                DMA2_Stream7_IRQHandler
                0x08003a28                I2C3_EV_IRQHandler
                0x08003a28                EXTI9_5_IRQHandler
                0x08003a28                RTC_WKUP_IRQHandler
                0x08003a28                LTDC_IRQHandler
                0x08003a28                ETH_WKUP_IRQHandler
                0x08003a28                SPI2_IRQHandler
                0x08003a28                OTG_HS_EP1_IN_IRQHandler
                0x08003a28                DMA1_Stream0_IRQHandler
                0x08003a28                CAN1_TX_IRQHandler
                0x08003a28                EXTI4_IRQHandler
                0x08003a28                ETH_IRQHandler
                0x08003a28                OTG_HS_EP1_OUT_IRQHandler
                0x08003a28                WWDG_IRQHandler
                0x08003a28                SPI6_IRQHandler
                0x08003a28                TIM2_IRQHandler
                0x08003a28                OTG_FS_WKUP_IRQHandler
                0x08003a28                TIM1_TRG_COM_TIM11_IRQHandler
                0x08003a28                OTG_HS_IRQHandler
                0x08003a28                DMA2D_IRQHandler
                0x08003a28                EXTI1_IRQHandler
                0x08003a28                UART7_IRQHandler
                0x08003a28                USART2_IRQHandler
                0x08003a28                I2C2_ER_IRQHandler
                0x08003a28                DMA2_Stream1_IRQHandler
                0x08003a28                CAN1_SCE_IRQHandler
                0x08003a28                FLASH_IRQHandler
                0x08003a28                DMA2_Stream4_IRQHandler
                0x08003a28                USART1_IRQHandler
                0x08003a28                OTG_FS_IRQHandler
                0x08003a28                SPI3_IRQHandler
                0x08003a28                DMA1_Stream4_IRQHandler
                0x08003a28                I2C1_ER_IRQHandler
                0x08003a28                FMC_IRQHandler
                0x08003a28                DMA2_Stream6_IRQHandler
                0x08003a28                SAI1_IRQHandler
                0x08003a28                DMA1_Stream3_IRQHandler
 *fill*         0x08003a2a        0x2 
 .text.__errno  0x08003a2c        0xc c:/ac6/systemworkbench/plugins/fr.ac6.mcu.externaltools.arm-none.win32_1.13.2.201705091103/tools/compiler/bin/../lib/gcc/arm-none-eabi/5.4.1/../../../../arm-none-eabi/lib/armv7e-m/fpu\libc_nano.a(lib_a-errno.o)
                0x08003a2c                __errno
 .text._cleanup_r
                0x08003a38        0xc c:/ac6/systemworkbench/plugins/fr.ac6.mcu.externaltools.arm-none.win32_1.13.2.201705091103/tools/compiler/bin/../lib/gcc/arm-none-eabi/5.4.1/../../../../arm-none-eabi/lib/armv7e-m/fpu\libc_nano.a(lib_a-findfp.o)
                0x08003a38                _cleanup_r
 .text.std.isra.0
                0x08003a44       0x48 c:/ac6/systemworkbench/plugins/fr.ac6.mcu.externaltools.arm-none.win32_1.13.2.201705091103/tools/compiler/bin/../lib/gcc/arm-none-eabi/5.4.1/../../../../arm-none-eabi/lib/armv7e-m/fpu\libc_nano.a(lib_a-findfp.o)
 .text.__sfmoreglue
                0x08003a8c       0x2c c:/ac6/systemworkbench/plugins/fr.ac6.mcu.externaltools.arm-none.win32_1.13.2.201705091103/tools/compiler/bin/../lib/gcc/arm-none-eabi/5.4.1/../../../../arm-none-eabi/lib/armv7e-m/fpu\libc_nano.a(lib_a-findfp.o)
                0x08003a8c                __sfmoreglue
 .text.__sinit  0x08003ab8       0x60 c:/ac6/systemworkbench/plugins/fr.ac6.mcu.externaltools.arm-none.win32_1.13.2.201705091103/tools/compiler/bin/../lib/gcc/arm-none-eabi/5.4.1/../../../../arm-none-eabi/lib/armv7e-m/fpu\libc_nano.a(lib_a-findfp.o)
                0x08003ab8                __sinit
 .text.__sfp    0x08003b18       0x78 c:/ac6/systemworkbench/plugins/fr.ac6.mcu.externaltools.arm-none.win32_1.13.2.201705091103/tools/compiler/bin/../lib/gcc/arm-none-eabi/5.4.1/../../../../arm-none-eabi/lib/armv7e-m/fpu\libc_nano.a(lib_a-findfp.o)
                0x08003b18                __sfp
 .text._fwalk_reent
                0x08003b90       0x3c c:/ac6/systemworkbench/plugins/fr.ac6.mcu.externaltools.arm-none.win32_1.13.2.201705091103/tools/compiler/bin/../lib/gcc/arm-none-eabi/5.4.1/../../../../arm-none-eabi/lib/armv7e-m/fpu\libc_nano.a(lib_a-fwalk.o)
                0x08003b90                _fwalk_reent
 .text.printf   0x08003bcc       0x30 c:/ac6/systemworkbench/plugins/fr.ac6.mcu.externaltools.arm-none.win32_1.13.2.201705091103/tools/compiler/bin/../lib/gcc/arm-none-eabi/5.4.1/../../../../arm-none-eabi/lib/armv7e-m/fpu\libc_nano.a(lib_a-printf.o)
                0x08003bcc                iprintf
                0x08003bcc                printf
 .text._puts_r  0x08003bfc       0xb4 c:/ac6/systemworkbench/plugins/fr.ac6.mcu.externaltools.arm-none.win32_1.13.2.201705091103/tools/compiler/bin/../lib/gcc/arm-none-eabi/5.4.1/../../../../arm-none-eabi/lib/armv7e-m/fpu\libc_nano.a(lib_a-puts.o)
                0x08003bfc                _puts_r
 .text.puts     0x08003cb0       0x10 c:/ac6/systemworkbench/plugins/fr.ac6.mcu.externaltools.arm-none.win32_1.13.2.201705091103/tools/compiler/bin/../lib/gcc/arm-none-eabi/5.4.1/../../../../arm-none-eabi/lib/armv7e-m/fpu\libc_nano.a(lib_a-puts.o)
                0x08003cb0                puts
 .text.__sread  0x08003cc0       0x22 c:/ac6/systemworkbench/plugins/fr.ac6.mcu.externaltools.arm-none.win32_1.13.2.201705091103/tools/compiler/bin/../lib/gcc/arm-none-eabi/5.4.1/../../../../arm-none-eabi/lib/armv7e-m/fpu\libc_nano.a(lib_a-stdio.o)
                0x08003cc0                __sread
 .text.__swrite
                0x08003ce2       0x38 c:/ac6/systemworkbench/plugins/fr.ac6.mcu.externaltools.arm-none.win32_1.13.2.201705091103/tools/compiler/bin/../lib/gcc/arm-none-eabi/5.4.1/../../../../arm-none-eabi/lib/armv7e-m/fpu\libc_nano.a(lib_a-stdio.o)
                0x08003ce2                __swrite
 .text.__sseek  0x08003d1a       0x24 c:/ac6/systemworkbench/plugins/fr.ac6.mcu.externaltools.arm-none.win32_1.13.2.201705091103/tools/compiler/bin/../lib/gcc/arm-none-eabi/5.4.1/../../../../arm-none-eabi/lib/armv7e-m/fpu\libc_nano.a(lib_a-stdio.o)
                0x08003d1a                __sseek
 .text.__sclose
                0x08003d3e        0x8 c:/ac6/systemworkbench/plugins/fr.ac6.mcu.externaltools.arm-none.win32_1.13.2.201705091103/tools/compiler/bin/../lib/gcc/arm-none-eabi/5.4.1/../../../../arm-none-eabi/lib/armv7e-m/fpu\libc_nano.a(lib_a-stdio.o)
                0x08003d3e                __sclose
 *fill*         0x08003d46        0x2 
 .text.__swbuf_r
                0x08003d48       0xa8 c:/ac6/systemworkbench/plugins/fr.ac6.mcu.externaltools.arm-none.win32_1.13.2.201705091103/tools/compiler/bin/../lib/gcc/arm-none-eabi/5.4.1/../../../../arm-none-eabi/lib/armv7e-m/fpu\libc_nano.a(lib_a-wbuf.o)
                0x08003d48                __swbuf_r
 .text._write_r
                0x08003df0       0x24 c:/ac6/systemworkbench/plugins/fr.ac6.mcu.externaltools.arm-none.win32_1.13.2.201705091103/tools/compiler/bin/../lib/gcc/arm-none-eabi/5.4.1/../../../../arm-none-eabi/lib/armv7e-m/fpu\libc_nano.a(lib_a-writer.o)
                0x08003df0                _write_r
 .text.__swsetup_r
                0x08003e14       0xdc c:/ac6/systemworkbench/plugins/fr.ac6.mcu.externaltools.arm-none.win32_1.13.2.201705091103/tools/compiler/bin/../lib/gcc/arm-none-eabi/5.4.1/../../../../arm-none-eabi/lib/armv7e-m/fpu\libc_nano.a(lib_a-wsetup.o)
                0x08003e14                __swsetup_r
 .text._close_r
                0x08003ef0       0x20 c:/ac6/systemworkbench/plugins/fr.ac6.mcu.externaltools.arm-none.win32_1.13.2.201705091103/tools/compiler/bin/../lib/gcc/arm-none-eabi/5.4.1/../../../../arm-none-eabi/lib/armv7e-m/fpu\libc_nano.a(lib_a-closer.o)
                0x08003ef0                _close_r
 .text.__sflush_r
                0x08003f10      0x110 c:/ac6/systemworkbench/plugins/fr.ac6.mcu.externaltools.arm-none.win32_1.13.2.201705091103/tools/compiler/bin/../lib/gcc/arm-none-eabi/5.4.1/../../../../arm-none-eabi/lib/armv7e-m/fpu\libc_nano.a(lib_a-fflush.o)
                0x08003f10                __sflush_r
 .text._fflush_r
                0x08004020       0x54 c:/ac6/systemworkbench/plugins/fr.ac6.mcu.externaltools.arm-none.win32_1.13.2.201705091103/tools/compiler/bin/../lib/gcc/arm-none-eabi/5.4.1/../../../../arm-none-eabi/lib/armv7e-m/fpu\libc_nano.a(lib_a-fflush.o)
                0x08004020                _fflush_r
 .text._lseek_r
                0x08004074       0x24 c:/ac6/systemworkbench/plugins/fr.ac6.mcu.externaltools.arm-none.win32_1.13.2.201705091103/tools/compiler/bin/../lib/gcc/arm-none-eabi/5.4.1/../../../../arm-none-eabi/lib/armv7e-m/fpu\libc_nano.a(lib_a-lseekr.o)
                0x08004074                _lseek_r
 .text.__swhatbuf_r
                0x08004098       0x46 c:/ac6/systemworkbench/plugins/fr.ac6.mcu.externaltools.arm-none.win32_1.13.2.201705091103/tools/compiler/bin/../lib/gcc/arm-none-eabi/5.4.1/../../../../arm-none-eabi/lib/armv7e-m/fpu\libc_nano.a(lib_a-makebuf.o)
                0x08004098                __swhatbuf_r
 *fill*         0x080040de        0x2 
 .text.__smakebuf_r
                0x080040e0       0x78 c:/ac6/systemworkbench/plugins/fr.ac6.mcu.externaltools.arm-none.win32_1.13.2.201705091103/tools/compiler/bin/../lib/gcc/arm-none-eabi/5.4.1/../../../../arm-none-eabi/lib/armv7e-m/fpu\libc_nano.a(lib_a-makebuf.o)
                0x080040e0                __smakebuf_r
 .text.__sfputc_r
                0x08004158       0x30 c:/ac6/systemworkbench/plugins/fr.ac6.mcu.externaltools.arm-none.win32_1.13.2.201705091103/tools/compiler/bin/../lib/gcc/arm-none-eabi/5.4.1/../../../../arm-none-eabi/lib/armv7e-m/fpu\libc_nano.a(lib_a-nano-vfprintf.o)
 .text.__sfputs_r
                0x08004188       0x24 c:/ac6/systemworkbench/plugins/fr.ac6.mcu.externaltools.arm-none.win32_1.13.2.201705091103/tools/compiler/bin/../lib/gcc/arm-none-eabi/5.4.1/../../../../arm-none-eabi/lib/armv7e-m/fpu\libc_nano.a(lib_a-nano-vfprintf.o)
                0x08004188                __sfputs_r
 .text._vfprintf_r
                0x080041ac      0x238 c:/ac6/systemworkbench/plugins/fr.ac6.mcu.externaltools.arm-none.win32_1.13.2.201705091103/tools/compiler/bin/../lib/gcc/arm-none-eabi/5.4.1/../../../../arm-none-eabi/lib/armv7e-m/fpu\libc_nano.a(lib_a-nano-vfprintf.o)
                0x080041ac                _vfprintf_r
                0x080041ac                _vfiprintf_r
 .text._read_r  0x080043e4       0x24 c:/ac6/systemworkbench/plugins/fr.ac6.mcu.externaltools.arm-none.win32_1.13.2.201705091103/tools/compiler/bin/../lib/gcc/arm-none-eabi/5.4.1/../../../../arm-none-eabi/lib/armv7e-m/fpu\libc_nano.a(lib_a-readr.o)
                0x080043e4                _read_r
 .text._fstat_r
                0x08004408       0x24 c:/ac6/systemworkbench/plugins/fr.ac6.mcu.externaltools.arm-none.win32_1.13.2.201705091103/tools/compiler/bin/../lib/gcc/arm-none-eabi/5.4.1/../../../../arm-none-eabi/lib/armv7e-m/fpu\libc_nano.a(lib_a-fstatr.o)
                0x08004408                _fstat_r
 .text._isatty_r
                0x0800442c       0x20 c:/ac6/systemworkbench/plugins/fr.ac6.mcu.externaltools.arm-none.win32_1.13.2.201705091103/tools/compiler/bin/../lib/gcc/arm-none-eabi/5.4.1/../../../../arm-none-eabi/lib/armv7e-m/fpu\libc_nano.a(lib_a-isattyr.o)
                0x0800442c                _isatty_r
 *(.glue_7)
 .glue_7        0x0800444c        0x0 linker stubs
 *(.glue_7t)
 .glue_7t       0x0800444c        0x0 linker stubs
 *(.eh_frame)
 .eh_frame      0x0800444c        0x0 c:/ac6/systemworkbench/plugins/fr.ac6.mcu.externaltools.arm-none.win32_1.13.2.201705091103/tools/compiler/bin/../lib/gcc/arm-none-eabi/5.4.1/armv7e-m/fpu/crtbegin.o
 *(.init)
 .init          0x0800444c        0x4 c:/ac6/systemworkbench/plugins/fr.ac6.mcu.externaltools.arm-none.win32_1.13.2.201705091103/tools/compiler/bin/../lib/gcc/arm-none-eabi/5.4.1/armv7e-m/fpu/crti.o
                0x0800444c                _init
 .init          0x08004450        0x8 c:/ac6/systemworkbench/plugins/fr.ac6.mcu.externaltools.arm-none.win32_1.13.2.201705091103/tools/compiler/bin/../lib/gcc/arm-none-eabi/5.4.1/armv7e-m/fpu/crtn.o
 *(.fini)
 .fini          0x08004458        0x4 c:/ac6/systemworkbench/plugins/fr.ac6.mcu.externaltools.arm-none.win32_1.13.2.201705091103/tools/compiler/bin/../lib/gcc/arm-none-eabi/5.4.1/armv7e-m/fpu/crti.o
                0x08004458                _fini
 .fini          0x0800445c        0x8 c:/ac6/systemworkbench/plugins/fr.ac6.mcu.externaltools.arm-none.win32_1.13.2.201705091103/tools/compiler/bin/../lib/gcc/arm-none-eabi/5.4.1/armv7e-m/fpu/crtn.o
                0x08004464                . = ALIGN (0x4)
                0x08004464                _etext = .

.vfp11_veneer   0x08004464        0x0
 .vfp11_veneer  0x08004464        0x0 linker stubs

.v4_bx          0x08004464        0x0
 .v4_bx         0x08004464        0x0 linker stubs

.iplt           0x08004464        0x0
 .iplt          0x08004464        0x0 c:/ac6/systemworkbench/plugins/fr.ac6.mcu.externaltools.arm-none.win32_1.13.2.201705091103/tools/compiler/bin/../lib/gcc/arm-none-eabi/5.4.1/armv7e-m/fpu/crtbegin.o

.rodata         0x08004468      0x39c
                0x08004468                . = ALIGN (0x4)
 *(.rodata)
 .rodata        0x08004468       0x18 Src/system_stm32f4xx.o
                0x08004468                AHBPrescTable
                0x08004478                APBPrescTable
 *(.rodata*)
 .rodata._global_impure_ptr
                0x08004480        0x4 c:/ac6/systemworkbench/plugins/fr.ac6.mcu.externaltools.arm-none.win32_1.13.2.201705091103/tools/compiler/bin/../lib/gcc/arm-none-eabi/5.4.1/../../../../arm-none-eabi/lib/armv7e-m/fpu\libc_nano.a(lib_a-impure.o)
                0x08004480                _global_impure_ptr
 .rodata.str1.1
                0x08004484       0x12 c:/ac6/systemworkbench/plugins/fr.ac6.mcu.externaltools.arm-none.win32_1.13.2.201705091103/tools/compiler/bin/../lib/gcc/arm-none-eabi/5.4.1/../../../../arm-none-eabi/lib/armv7e-m/fpu\libc_nano.a(lib_a-nano-vfprintf_float.o)
 .rodata.str1.1
                0x08004496       0x22 c:/ac6/systemworkbench/plugins/fr.ac6.mcu.externaltools.arm-none.win32_1.13.2.201705091103/tools/compiler/bin/../lib/gcc/arm-none-eabi/5.4.1/../../../../arm-none-eabi/lib/armv7e-m/fpu\libc_nano.a(lib_a-nano-vfprintf_i.o)
 .rodata.str1.1
                0x080044b8        0xd c:/ac6/systemworkbench/plugins/fr.ac6.mcu.externaltools.arm-none.win32_1.13.2.201705091103/tools/compiler/bin/../lib/gcc/arm-none-eabi/5.4.1/../../../../arm-none-eabi/lib/armv7e-m/fpu\libc_nano.a(lib_a-dtoa.o)
                                  0xf (size before relaxing)
 *fill*         0x080044c5        0x3 
 .rodata.__mprec_tens
                0x080044c8       0xc8 c:/ac6/systemworkbench/plugins/fr.ac6.mcu.externaltools.arm-none.win32_1.13.2.201705091103/tools/compiler/bin/../lib/gcc/arm-none-eabi/5.4.1/../../../../arm-none-eabi/lib/armv7e-m/fpu\libc_nano.a(lib_a-mprec.o)
                0x080044c8                __mprec_tens
 .rodata.__mprec_bigtens
                0x08004590       0x28 c:/ac6/systemworkbench/plugins/fr.ac6.mcu.externaltools.arm-none.win32_1.13.2.201705091103/tools/compiler/bin/../lib/gcc/arm-none-eabi/5.4.1/../../../../arm-none-eabi/lib/armv7e-m/fpu\libc_nano.a(lib_a-mprec.o)
                0x08004590                __mprec_bigtens
 .rodata.p05.6099
                0x080045b8        0xc c:/ac6/systemworkbench/plugins/fr.ac6.mcu.externaltools.arm-none.win32_1.13.2.201705091103/tools/compiler/bin/../lib/gcc/arm-none-eabi/5.4.1/../../../../arm-none-eabi/lib/armv7e-m/fpu\libc_nano.a(lib_a-mprec.o)
 .rodata.str1.1
                0x080045c4        0xa c:/ac6/systemworkbench/plugins/fr.ac6.mcu.externaltools.arm-none.win32_1.13.2.201705091103/tools/compiler/bin/../lib/gcc/arm-none-eabi/5.4.1/../../../../arm-none-eabi/lib/armv7e-m/fpu\libc_nano.a(lib_a-locale.o)
                                  0xb (size before relaxing)
 .rodata._ctype_
                0x080045ce      0x101 c:/ac6/systemworkbench/plugins/fr.ac6.mcu.externaltools.arm-none.win32_1.13.2.201705091103/tools/compiler/bin/../lib/gcc/arm-none-eabi/5.4.1/../../../../arm-none-eabi/lib/armv7e-m/fpu\libc_nano.a(lib_a-ctype_.o)
                0x080045ce                _ctype_
 .rodata.str1.1
                0x080046cf        0x4 c:/ac6/systemworkbench/plugins/fr.ac6.mcu.externaltools.arm-none.win32_1.13.2.201705091103/tools/compiler/bin/../lib/gcc/arm-none-eabi/5.4.1/../../../../arm-none-eabi/lib/armv7e-m/fpu\librdimon_nano.a(rdimon-syscalls.o)
 *fill*         0x080046d3        0x1 
 .rodata.str1.4
                0x080046d4       0x99 Src/Rcc.o
 *fill*         0x0800476d        0x3 
 .rodata.str1.4
                0x08004770       0x20 Src/main.o
                                 0x1d (size before relaxing)
 .rodata.__sf_fake_stdin
                0x08004790       0x20 c:/ac6/systemworkbench/plugins/fr.ac6.mcu.externaltools.arm-none.win32_1.13.2.201705091103/tools/compiler/bin/../lib/gcc/arm-none-eabi/5.4.1/../../../../arm-none-eabi/lib/armv7e-m/fpu\libc_nano.a(lib_a-findfp.o)
                0x08004790                __sf_fake_stdin
 .rodata.__sf_fake_stdout
                0x080047b0       0x20 c:/ac6/systemworkbench/plugins/fr.ac6.mcu.externaltools.arm-none.win32_1.13.2.201705091103/tools/compiler/bin/../lib/gcc/arm-none-eabi/5.4.1/../../../../arm-none-eabi/lib/armv7e-m/fpu\libc_nano.a(lib_a-findfp.o)
                0x080047b0                __sf_fake_stdout
 .rodata.__sf_fake_stderr
                0x080047d0       0x20 c:/ac6/systemworkbench/plugins/fr.ac6.mcu.externaltools.arm-none.win32_1.13.2.201705091103/tools/compiler/bin/../lib/gcc/arm-none-eabi/5.4.1/../../../../arm-none-eabi/lib/armv7e-m/fpu\libc_nano.a(lib_a-findfp.o)
                0x080047d0                __sf_fake_stderr
 .rodata.str1.1
                0x080047f0       0x11 c:/ac6/systemworkbench/plugins/fr.ac6.mcu.externaltools.arm-none.win32_1.13.2.201705091103/tools/compiler/bin/../lib/gcc/arm-none-eabi/5.4.1/../../../../arm-none-eabi/lib/armv7e-m/fpu\libc_nano.a(lib_a-nano-vfprintf.o)
                0x08004804                . = ALIGN (0x4)
 *fill*         0x08004801        0x3 

.rel.dyn        0x08004804        0x0
 .rel.iplt      0x08004804        0x0 c:/ac6/systemworkbench/plugins/fr.ac6.mcu.externaltools.arm-none.win32_1.13.2.201705091103/tools/compiler/bin/../lib/gcc/arm-none-eabi/5.4.1/armv7e-m/fpu/crtbegin.o

.ARM.extab
 *(.ARM.extab* .gnu.linkonce.armextab.*)

.ARM            0x08004804        0x0
                0x08004804                __exidx_start = .
 *(.ARM.exidx*)
                0x08004804                __exidx_end = .

.preinit_array  0x08004804        0x0
                0x08004804                PROVIDE (__preinit_array_start, .)
 *(.preinit_array*)
                0x08004804                PROVIDE (__preinit_array_end, .)

.init_array     0x08004804        0x4
                0x08004804                PROVIDE (__init_array_start, .)
 *(SORT(.init_array.*))
 *(.init_array*)
 .init_array    0x08004804        0x4 c:/ac6/systemworkbench/plugins/fr.ac6.mcu.externaltools.arm-none.win32_1.13.2.201705091103/tools/compiler/bin/../lib/gcc/arm-none-eabi/5.4.1/armv7e-m/fpu/crtbegin.o
                0x08004808                PROVIDE (__init_array_end, .)

.fini_array     0x08004808        0x4
                [!provide]                PROVIDE (__fini_array_start, .)
 *(SORT(.fini_array.*))
 *(.fini_array*)
 .fini_array    0x08004808        0x4 c:/ac6/systemworkbench/plugins/fr.ac6.mcu.externaltools.arm-none.win32_1.13.2.201705091103/tools/compiler/bin/../lib/gcc/arm-none-eabi/5.4.1/armv7e-m/fpu/crtbegin.o
                [!provide]                PROVIDE (__fini_array_end, .)
                0x0800480c                _sidata = LOADADDR (.data)

.data           0x20000000      0x1e0 load address 0x0800480c
                0x20000000                . = ALIGN (0x4)
                0x20000000                _sdata = .
 *(.data)
 .data          0x20000000        0x8 Src/Rcc.o
                0x20000000                rccAhb1Rst
                0x20000004                rccAhb1En
 .data          0x20000008        0x4 Src/system_stm32f4xx.o
                0x20000008                SystemCoreClock
 *(.data*)
 .data.impure_data
                0x2000000c       0x60 c:/ac6/systemworkbench/plugins/fr.ac6.mcu.externaltools.arm-none.win32_1.13.2.201705091103/tools/compiler/bin/../lib/gcc/arm-none-eabi/5.4.1/../../../../arm-none-eabi/lib/armv7e-m/fpu\libc_nano.a(lib_a-impure.o)
 .data._impure_ptr
                0x2000006c        0x4 c:/ac6/systemworkbench/plugins/fr.ac6.mcu.externaltools.arm-none.win32_1.13.2.201705091103/tools/compiler/bin/../lib/gcc/arm-none-eabi/5.4.1/../../../../arm-none-eabi/lib/armv7e-m/fpu\libc_nano.a(lib_a-impure.o)
                0x2000006c                _impure_ptr
 .data.__global_locale
                0x20000070      0x16c c:/ac6/systemworkbench/plugins/fr.ac6.mcu.externaltools.arm-none.win32_1.13.2.201705091103/tools/compiler/bin/../lib/gcc/arm-none-eabi/5.4.1/../../../../arm-none-eabi/lib/armv7e-m/fpu\libc_nano.a(lib_a-locale.o)
                0x20000070                __global_locale
 .data.__heap_limit
                0x200001dc        0x4 c:/ac6/systemworkbench/plugins/fr.ac6.mcu.externaltools.arm-none.win32_1.13.2.201705091103/tools/compiler/bin/../lib/gcc/arm-none-eabi/5.4.1/../../../../arm-none-eabi/lib/armv7e-m/fpu\librdimon_nano.a(rdimon-syscalls.o)
                0x200001dc                __heap_limit
                0x200001e0                . = ALIGN (0x4)
                0x200001e0                _edata = .
                0x080049ec                _siccmram = LOADADDR (.ccmram)

.jcr            0x200001e0        0x0 load address 0x080049ec
 .jcr           0x200001e0        0x0 c:/ac6/systemworkbench/plugins/fr.ac6.mcu.externaltools.arm-none.win32_1.13.2.201705091103/tools/compiler/bin/../lib/gcc/arm-none-eabi/5.4.1/armv7e-m/fpu/crtbegin.o

.igot.plt       0x200001e0        0x0 load address 0x080049ec
 .igot.plt      0x200001e0        0x0 c:/ac6/systemworkbench/plugins/fr.ac6.mcu.externaltools.arm-none.win32_1.13.2.201705091103/tools/compiler/bin/../lib/gcc/arm-none-eabi/5.4.1/armv7e-m/fpu/crtbegin.o

.ccmram         0x10000000        0x0 load address 0x080049ec
                0x10000000                . = ALIGN (0x4)
                0x10000000                _sccmram = .
 *(.ccmram)
 *(.ccmram*)
                0x10000000                . = ALIGN (0x4)
                0x10000000                _eccmram = .
                0x10000000                . = ALIGN (0x4)

.bss            0x200001e0       0xe4
                0x200001e0                _sbss = .
                0x200001e0                __bss_start__ = _sbss
 *(.bss)
 .bss           0x200001e0       0x1c c:/ac6/systemworkbench/plugins/fr.ac6.mcu.externaltools.arm-none.win32_1.13.2.201705091103/tools/compiler/bin/../lib/gcc/arm-none-eabi/5.4.1/armv7e-m/fpu/crtbegin.o
 .bss           0x200001fc        0x8 Src/main.o
                0x20000200                PressCount
 *(.bss*)
 .bss.__malloc_sbrk_start
                0x20000204        0x4 c:/ac6/systemworkbench/plugins/fr.ac6.mcu.externaltools.arm-none.win32_1.13.2.201705091103/tools/compiler/bin/../lib/gcc/arm-none-eabi/5.4.1/../../../../arm-none-eabi/lib/armv7e-m/fpu\libc_nano.a(lib_a-nano-mallocr.o)
                0x20000204                __malloc_sbrk_start
 .bss.__malloc_free_list
                0x20000208        0x4 c:/ac6/systemworkbench/plugins/fr.ac6.mcu.externaltools.arm-none.win32_1.13.2.201705091103/tools/compiler/bin/../lib/gcc/arm-none-eabi/5.4.1/../../../../arm-none-eabi/lib/armv7e-m/fpu\libc_nano.a(lib_a-nano-mallocr.o)
                0x20000208                __malloc_free_list
 .bss.monitor_stdout
                0x2000020c        0x4 c:/ac6/systemworkbench/plugins/fr.ac6.mcu.externaltools.arm-none.win32_1.13.2.201705091103/tools/compiler/bin/../lib/gcc/arm-none-eabi/5.4.1/../../../../arm-none-eabi/lib/armv7e-m/fpu\librdimon_nano.a(rdimon-syscalls.o)
 .bss.heap_end.6210
                0x20000210        0x4 c:/ac6/systemworkbench/plugins/fr.ac6.mcu.externaltools.arm-none.win32_1.13.2.201705091103/tools/compiler/bin/../lib/gcc/arm-none-eabi/5.4.1/../../../../arm-none-eabi/lib/armv7e-m/fpu\librdimon_nano.a(rdimon-syscalls.o)
 .bss.monitor_stdin
                0x20000214        0x4 c:/ac6/systemworkbench/plugins/fr.ac6.mcu.externaltools.arm-none.win32_1.13.2.201705091103/tools/compiler/bin/../lib/gcc/arm-none-eabi/5.4.1/../../../../arm-none-eabi/lib/armv7e-m/fpu\librdimon_nano.a(rdimon-syscalls.o)
 .bss.monitor_stderr
                0x20000218        0x4 c:/ac6/systemworkbench/plugins/fr.ac6.mcu.externaltools.arm-none.win32_1.13.2.201705091103/tools/compiler/bin/../lib/gcc/arm-none-eabi/5.4.1/../../../../arm-none-eabi/lib/armv7e-m/fpu\librdimon_nano.a(rdimon-syscalls.o)
 .bss.openfiles
                0x2000021c       0xa0 c:/ac6/systemworkbench/plugins/fr.ac6.mcu.externaltools.arm-none.win32_1.13.2.201705091103/tools/compiler/bin/../lib/gcc/arm-none-eabi/5.4.1/../../../../arm-none-eabi/lib/armv7e-m/fpu\librdimon_nano.a(rdimon-syscalls.o)
 *(COMMON)
 COMMON         0x200002bc        0x4 c:/ac6/systemworkbench/plugins/fr.ac6.mcu.externaltools.arm-none.win32_1.13.2.201705091103/tools/compiler/bin/../lib/gcc/arm-none-eabi/5.4.1/../../../../arm-none-eabi/lib/armv7e-m/fpu\libc_nano.a(lib_a-reent.o)
                0x200002bc                errno
 COMMON         0x200002c0        0x4 Drivers/STM32F4xx_HAL_Driver/Src/stm32f4xx_hal.o
                0x200002c0                uwTick
                0x200002c4                . = ALIGN (0x4)
                0x200002c4                _ebss = .
                0x200002c4                __bss_end__ = _ebss

._user_heap_stack
                0x200002c4      0x604
                0x200002c8                . = ALIGN (0x8)
 *fill*         0x200002c4        0x4 
                0x200002c8                PROVIDE (end, .)
                [!provide]                PROVIDE (_end, .)
                0x200004c8                . = (. + _Min_Heap_Size)
 *fill*         0x200002c8      0x200 
                0x200008c8                . = (. + _Min_Stack_Size)
 *fill*         0x200004c8      0x400 
                0x200008c8                . = ALIGN (0x8)

/DISCARD/
 libc.a(*)
 libm.a(*)
 libgcc.a(*)

.ARM.attributes
                0x00000000       0x30
 *(.ARM.attributes)
 .ARM.attributes
                0x00000000       0x22 c:/ac6/systemworkbench/plugins/fr.ac6.mcu.externaltools.arm-none.win32_1.13.2.201705091103/tools/compiler/bin/../lib/gcc/arm-none-eabi/5.4.1/armv7e-m/fpu/crti.o
 .ARM.attributes
                0x00000022       0x34 c:/ac6/systemworkbench/plugins/fr.ac6.mcu.externaltools.arm-none.win32_1.13.2.201705091103/tools/compiler/bin/../lib/gcc/arm-none-eabi/5.4.1/armv7e-m/fpu/crtbegin.o
 .ARM.attributes
                0x00000056       0x34 c:/ac6/systemworkbench/plugins/fr.ac6.mcu.externaltools.arm-none.win32_1.13.2.201705091103/tools/compiler/bin/../lib/gcc/arm-none-eabi/5.4.1/../../../../arm-none-eabi/lib/armv7e-m/fpu\libc_nano.a(lib_a-impure.o)
 .ARM.attributes
                0x0000008a       0x34 c:/ac6/systemworkbench/plugins/fr.ac6.mcu.externaltools.arm-none.win32_1.13.2.201705091103/tools/compiler/bin/../lib/gcc/arm-none-eabi/5.4.1/../../../../arm-none-eabi/lib/armv7e-m/fpu\libc_nano.a(lib_a-init.o)
 .ARM.attributes
                0x000000be       0x34 c:/ac6/systemworkbench/plugins/fr.ac6.mcu.externaltools.arm-none.win32_1.13.2.201705091103/tools/compiler/bin/../lib/gcc/arm-none-eabi/5.4.1/../../../../arm-none-eabi/lib/armv7e-m/fpu\libc_nano.a(lib_a-memset.o)
 .ARM.attributes
                0x000000f2       0x34 c:/ac6/systemworkbench/plugins/fr.ac6.mcu.externaltools.arm-none.win32_1.13.2.201705091103/tools/compiler/bin/../lib/gcc/arm-none-eabi/5.4.1/../../../../arm-none-eabi/lib/armv7e-m/fpu\libc_nano.a(lib_a-nano-vfprintf_float.o)
 .ARM.attributes
                0x00000126       0x34 c:/ac6/systemworkbench/plugins/fr.ac6.mcu.externaltools.arm-none.win32_1.13.2.201705091103/tools/compiler/bin/../lib/gcc/arm-none-eabi/5.4.1/../../../../arm-none-eabi/lib/armv7e-m/fpu\libc_nano.a(lib_a-nano-vfprintf_i.o)
 .ARM.attributes
                0x0000015a       0x1b c:/ac6/systemworkbench/plugins/fr.ac6.mcu.externaltools.arm-none.win32_1.13.2.201705091103/tools/compiler/bin/../lib/gcc/arm-none-eabi/5.4.1/../../../../arm-none-eabi/lib/armv7e-m/fpu\libc_nano.a(lib_a-strlen.o)
 .ARM.attributes
                0x00000175       0x34 c:/ac6/systemworkbench/plugins/fr.ac6.mcu.externaltools.arm-none.win32_1.13.2.201705091103/tools/compiler/bin/../lib/gcc/arm-none-eabi/5.4.1/../../../../arm-none-eabi/lib/armv7e-m/fpu\libc_nano.a(lib_a-dtoa.o)
 .ARM.attributes
                0x000001a9       0x34 c:/ac6/systemworkbench/plugins/fr.ac6.mcu.externaltools.arm-none.win32_1.13.2.201705091103/tools/compiler/bin/../lib/gcc/arm-none-eabi/5.4.1/../../../../arm-none-eabi/lib/armv7e-m/fpu\libc_nano.a(lib_a-localeconv.o)
 .ARM.attributes
                0x000001dd       0x34 c:/ac6/systemworkbench/plugins/fr.ac6.mcu.externaltools.arm-none.win32_1.13.2.201705091103/tools/compiler/bin/../lib/gcc/arm-none-eabi/5.4.1/../../../../arm-none-eabi/lib/armv7e-m/fpu\libc_nano.a(lib_a-malloc.o)
 .ARM.attributes
                0x00000211       0x20 c:/ac6/systemworkbench/plugins/fr.ac6.mcu.externaltools.arm-none.win32_1.13.2.201705091103/tools/compiler/bin/../lib/gcc/arm-none-eabi/5.4.1/../../../../arm-none-eabi/lib/armv7e-m/fpu\libc_nano.a(lib_a-memchr.o)
 .ARM.attributes
                0x00000231       0x34 c:/ac6/systemworkbench/plugins/fr.ac6.mcu.externaltools.arm-none.win32_1.13.2.201705091103/tools/compiler/bin/../lib/gcc/arm-none-eabi/5.4.1/../../../../arm-none-eabi/lib/armv7e-m/fpu\libc_nano.a(lib_a-memcpy-stub.o)
 .ARM.attributes
                0x00000265       0x34 c:/ac6/systemworkbench/plugins/fr.ac6.mcu.externaltools.arm-none.win32_1.13.2.201705091103/tools/compiler/bin/../lib/gcc/arm-none-eabi/5.4.1/../../../../arm-none-eabi/lib/armv7e-m/fpu\libc_nano.a(lib_a-mprec.o)
 .ARM.attributes
                0x00000299       0x34 c:/ac6/systemworkbench/plugins/fr.ac6.mcu.externaltools.arm-none.win32_1.13.2.201705091103/tools/compiler/bin/../lib/gcc/arm-none-eabi/5.4.1/../../../../arm-none-eabi/lib/armv7e-m/fpu\libc_nano.a(lib_a-nano-callocr.o)
 .ARM.attributes
                0x000002cd       0x34 c:/ac6/systemworkbench/plugins/fr.ac6.mcu.externaltools.arm-none.win32_1.13.2.201705091103/tools/compiler/bin/../lib/gcc/arm-none-eabi/5.4.1/../../../../arm-none-eabi/lib/armv7e-m/fpu\libc_nano.a(lib_a-nano-freer.o)
 .ARM.attributes
                0x00000301       0x34 c:/ac6/systemworkbench/plugins/fr.ac6.mcu.externaltools.arm-none.win32_1.13.2.201705091103/tools/compiler/bin/../lib/gcc/arm-none-eabi/5.4.1/../../../../arm-none-eabi/lib/armv7e-m/fpu\libc_nano.a(lib_a-nano-mallocr.o)
 .ARM.attributes
                0x00000335       0x34 c:/ac6/systemworkbench/plugins/fr.ac6.mcu.externaltools.arm-none.win32_1.13.2.201705091103/tools/compiler/bin/../lib/gcc/arm-none-eabi/5.4.1/../../../../arm-none-eabi/lib/armv7e-m/fpu\libc_nano.a(lib_a-sbrkr.o)
 .ARM.attributes
                0x00000369       0x34 c:/ac6/systemworkbench/plugins/fr.ac6.mcu.externaltools.arm-none.win32_1.13.2.201705091103/tools/compiler/bin/../lib/gcc/arm-none-eabi/5.4.1/../../../../arm-none-eabi/lib/armv7e-m/fpu\libc_nano.a(lib_a-locale.o)
 .ARM.attributes
                0x0000039d       0x34 c:/ac6/systemworkbench/plugins/fr.ac6.mcu.externaltools.arm-none.win32_1.13.2.201705091103/tools/compiler/bin/../lib/gcc/arm-none-eabi/5.4.1/../../../../arm-none-eabi/lib/armv7e-m/fpu\libc_nano.a(lib_a-mbtowc_r.o)
 .ARM.attributes
                0x000003d1       0x34 c:/ac6/systemworkbench/plugins/fr.ac6.mcu.externaltools.arm-none.win32_1.13.2.201705091103/tools/compiler/bin/../lib/gcc/arm-none-eabi/5.4.1/../../../../arm-none-eabi/lib/armv7e-m/fpu\libc_nano.a(lib_a-mlock.o)
 .ARM.attributes
                0x00000405       0x34 c:/ac6/systemworkbench/plugins/fr.ac6.mcu.externaltools.arm-none.win32_1.13.2.201705091103/tools/compiler/bin/../lib/gcc/arm-none-eabi/5.4.1/../../../../arm-none-eabi/lib/armv7e-m/fpu\libc_nano.a(lib_a-reent.o)
 .ARM.attributes
                0x00000439       0x34 c:/ac6/systemworkbench/plugins/fr.ac6.mcu.externaltools.arm-none.win32_1.13.2.201705091103/tools/compiler/bin/../lib/gcc/arm-none-eabi/5.4.1/../../../../arm-none-eabi/lib/armv7e-m/fpu\libc_nano.a(lib_a-wctomb_r.o)
 .ARM.attributes
                0x0000046d       0x34 c:/ac6/systemworkbench/plugins/fr.ac6.mcu.externaltools.arm-none.win32_1.13.2.201705091103/tools/compiler/bin/../lib/gcc/arm-none-eabi/5.4.1/../../../../arm-none-eabi/lib/armv7e-m/fpu\libc_nano.a(lib_a-ctype_.o)
 .ARM.attributes
                0x000004a1       0x34 c:/ac6/systemworkbench/plugins/fr.ac6.mcu.externaltools.arm-none.win32_1.13.2.201705091103/tools/compiler/bin/../lib/gcc/arm-none-eabi/5.4.1/../../../../arm-none-eabi/lib/armv7e-m/fpu\librdimon_nano.a(rdimon-syscalls.o)
 .ARM.attributes
                0x000004d5       0x39 Drivers/STM32F4xx_HAL_Driver/Src/stm32f4xx_hal.o
 .ARM.attributes
                0x0000050e       0x39 Drivers/STM32F4xx_HAL_Driver/Src/stm32f4xx_hal_cortex.o
 .ARM.attributes
                0x00000547       0x39 Drivers/STM32F4xx_HAL_Driver/Src/stm32f4xx_hal_pwr_ex.o
 .ARM.attributes
                0x00000580       0x39 Drivers/STM32F4xx_HAL_Driver/Src/stm32f4xx_hal_rcc.o
 .ARM.attributes
                0x000005b9       0x39 Src/Gpio.o
 .ARM.attributes
                0x000005f2       0x39 Src/IWDG.o
 .ARM.attributes
                0x0000062b       0x39 Src/Rcc.o
 .ARM.attributes
                0x00000664       0x39 Src/main.o
 .ARM.attributes
                0x0000069d       0x39 Src/stm32f4xx_hal_msp.o
 .ARM.attributes
                0x000006d6       0x39 Src/stm32f4xx_it.o
 .ARM.attributes
                0x0000070f       0x39 Src/system_stm32f4xx.o
 .ARM.attributes
                0x00000748       0x21 startup/startup_stm32f429xx.o
 .ARM.attributes
                0x00000769       0x22 c:/ac6/systemworkbench/plugins/fr.ac6.mcu.externaltools.arm-none.win32_1.13.2.201705091103/tools/compiler/bin/../lib/gcc/arm-none-eabi/5.4.1/armv7e-m/fpu\libgcc.a(_arm_addsubdf3.o)
 .ARM.attributes
                0x0000078b       0x22 c:/ac6/systemworkbench/plugins/fr.ac6.mcu.externaltools.arm-none.win32_1.13.2.201705091103/tools/compiler/bin/../lib/gcc/arm-none-eabi/5.4.1/armv7e-m/fpu\libgcc.a(_arm_muldivdf3.o)
 .ARM.attributes
                0x000007ad       0x22 c:/ac6/systemworkbench/plugins/fr.ac6.mcu.externaltools.arm-none.win32_1.13.2.201705091103/tools/compiler/bin/../lib/gcc/arm-none-eabi/5.4.1/armv7e-m/fpu\libgcc.a(_arm_cmpdf2.o)
 .ARM.attributes
                0x000007cf       0x22 c:/ac6/systemworkbench/plugins/fr.ac6.mcu.externaltools.arm-none.win32_1.13.2.201705091103/tools/compiler/bin/../lib/gcc/arm-none-eabi/5.4.1/armv7e-m/fpu\libgcc.a(_arm_unorddf2.o)
 .ARM.attributes
                0x000007f1       0x22 c:/ac6/systemworkbench/plugins/fr.ac6.mcu.externaltools.arm-none.win32_1.13.2.201705091103/tools/compiler/bin/../lib/gcc/arm-none-eabi/5.4.1/armv7e-m/fpu\libgcc.a(_arm_fixdfsi.o)
 .ARM.attributes
                0x00000813       0x34 c:/ac6/systemworkbench/plugins/fr.ac6.mcu.externaltools.arm-none.win32_1.13.2.201705091103/tools/compiler/bin/../lib/gcc/arm-none-eabi/5.4.1/../../../../arm-none-eabi/lib/armv7e-m/fpu\libc_nano.a(lib_a-errno.o)
 .ARM.attributes
                0x00000847       0x34 c:/ac6/systemworkbench/plugins/fr.ac6.mcu.externaltools.arm-none.win32_1.13.2.201705091103/tools/compiler/bin/../lib/gcc/arm-none-eabi/5.4.1/../../../../arm-none-eabi/lib/armv7e-m/fpu\libc_nano.a(lib_a-findfp.o)
 .ARM.attributes
                0x0000087b       0x34 c:/ac6/systemworkbench/plugins/fr.ac6.mcu.externaltools.arm-none.win32_1.13.2.201705091103/tools/compiler/bin/../lib/gcc/arm-none-eabi/5.4.1/../../../../arm-none-eabi/lib/armv7e-m/fpu\libc_nano.a(lib_a-fwalk.o)
 .ARM.attributes
                0x000008af       0x34 c:/ac6/systemworkbench/plugins/fr.ac6.mcu.externaltools.arm-none.win32_1.13.2.201705091103/tools/compiler/bin/../lib/gcc/arm-none-eabi/5.4.1/../../../../arm-none-eabi/lib/armv7e-m/fpu\libc_nano.a(lib_a-printf.o)
 .ARM.attributes
                0x000008e3       0x34 c:/ac6/systemworkbench/plugins/fr.ac6.mcu.externaltools.arm-none.win32_1.13.2.201705091103/tools/compiler/bin/../lib/gcc/arm-none-eabi/5.4.1/../../../../arm-none-eabi/lib/armv7e-m/fpu\libc_nano.a(lib_a-puts.o)
 .ARM.attributes
                0x00000917       0x34 c:/ac6/systemworkbench/plugins/fr.ac6.mcu.externaltools.arm-none.win32_1.13.2.201705091103/tools/compiler/bin/../lib/gcc/arm-none-eabi/5.4.1/../../../../arm-none-eabi/lib/armv7e-m/fpu\libc_nano.a(lib_a-stdio.o)
 .ARM.attributes
                0x0000094b       0x34 c:/ac6/systemworkbench/plugins/fr.ac6.mcu.externaltools.arm-none.win32_1.13.2.201705091103/tools/compiler/bin/../lib/gcc/arm-none-eabi/5.4.1/../../../../arm-none-eabi/lib/armv7e-m/fpu\libc_nano.a(lib_a-wbuf.o)
 .ARM.attributes
                0x0000097f       0x34 c:/ac6/systemworkbench/plugins/fr.ac6.mcu.externaltools.arm-none.win32_1.13.2.201705091103/tools/compiler/bin/../lib/gcc/arm-none-eabi/5.4.1/../../../../arm-none-eabi/lib/armv7e-m/fpu\libc_nano.a(lib_a-writer.o)
 .ARM.attributes
                0x000009b3       0x34 c:/ac6/systemworkbench/plugins/fr.ac6.mcu.externaltools.arm-none.win32_1.13.2.201705091103/tools/compiler/bin/../lib/gcc/arm-none-eabi/5.4.1/../../../../arm-none-eabi/lib/armv7e-m/fpu\libc_nano.a(lib_a-wsetup.o)
 .ARM.attributes
                0x000009e7       0x34 c:/ac6/systemworkbench/plugins/fr.ac6.mcu.externaltools.arm-none.win32_1.13.2.201705091103/tools/compiler/bin/../lib/gcc/arm-none-eabi/5.4.1/../../../../arm-none-eabi/lib/armv7e-m/fpu\libc_nano.a(lib_a-closer.o)
 .ARM.attributes
                0x00000a1b       0x34 c:/ac6/systemworkbench/plugins/fr.ac6.mcu.externaltools.arm-none.win32_1.13.2.201705091103/tools/compiler/bin/../lib/gcc/arm-none-eabi/5.4.1/../../../../arm-none-eabi/lib/armv7e-m/fpu\libc_nano.a(lib_a-fflush.o)
 .ARM.attributes
                0x00000a4f       0x34 c:/ac6/systemworkbench/plugins/fr.ac6.mcu.externaltools.arm-none.win32_1.13.2.201705091103/tools/compiler/bin/../lib/gcc/arm-none-eabi/5.4.1/../../../../arm-none-eabi/lib/armv7e-m/fpu\libc_nano.a(lib_a-lseekr.o)
 .ARM.attributes
                0x00000a83       0x34 c:/ac6/systemworkbench/plugins/fr.ac6.mcu.externaltools.arm-none.win32_1.13.2.201705091103/tools/compiler/bin/../lib/gcc/arm-none-eabi/5.4.1/../../../../arm-none-eabi/lib/armv7e-m/fpu\libc_nano.a(lib_a-makebuf.o)
 .ARM.attributes
                0x00000ab7       0x34 c:/ac6/systemworkbench/plugins/fr.ac6.mcu.externaltools.arm-none.win32_1.13.2.201705091103/tools/compiler/bin/../lib/gcc/arm-none-eabi/5.4.1/../../../../arm-none-eabi/lib/armv7e-m/fpu\libc_nano.a(lib_a-nano-vfprintf.o)
 .ARM.attributes
                0x00000aeb       0x34 c:/ac6/systemworkbench/plugins/fr.ac6.mcu.externaltools.arm-none.win32_1.13.2.201705091103/tools/compiler/bin/../lib/gcc/arm-none-eabi/5.4.1/../../../../arm-none-eabi/lib/armv7e-m/fpu\libc_nano.a(lib_a-readr.o)
 .ARM.attributes
                0x00000b1f       0x34 c:/ac6/systemworkbench/plugins/fr.ac6.mcu.externaltools.arm-none.win32_1.13.2.201705091103/tools/compiler/bin/../lib/gcc/arm-none-eabi/5.4.1/../../../../arm-none-eabi/lib/armv7e-m/fpu\libc_nano.a(lib_a-fstatr.o)
 .ARM.attributes
                0x00000b53       0x34 c:/ac6/systemworkbench/plugins/fr.ac6.mcu.externaltools.arm-none.win32_1.13.2.201705091103/tools/compiler/bin/../lib/gcc/arm-none-eabi/5.4.1/../../../../arm-none-eabi/lib/armv7e-m/fpu\libc_nano.a(lib_a-isattyr.o)
 .ARM.attributes
                0x00000b87       0x22 c:/ac6/systemworkbench/plugins/fr.ac6.mcu.externaltools.arm-none.win32_1.13.2.201705091103/tools/compiler/bin/../lib/gcc/arm-none-eabi/5.4.1/armv7e-m/fpu/crtn.o
OUTPUT(Gpio.elf elf32-littlearm)

.debug_frame    0x00000000     0x18cc
 .debug_frame   0x00000000       0x2c c:/ac6/systemworkbench/plugins/fr.ac6.mcu.externaltools.arm-none.win32_1.13.2.201705091103/tools/compiler/bin/../lib/gcc/arm-none-eabi/5.4.1/../../../../arm-none-eabi/lib/armv7e-m/fpu\libc_nano.a(lib_a-init.o)
 .debug_frame   0x0000002c       0x20 c:/ac6/systemworkbench/plugins/fr.ac6.mcu.externaltools.arm-none.win32_1.13.2.201705091103/tools/compiler/bin/../lib/gcc/arm-none-eabi/5.4.1/../../../../arm-none-eabi/lib/armv7e-m/fpu\libc_nano.a(lib_a-memset.o)
 .debug_frame   0x0000004c       0x88 c:/ac6/systemworkbench/plugins/fr.ac6.mcu.externaltools.arm-none.win32_1.13.2.201705091103/tools/compiler/bin/../lib/gcc/arm-none-eabi/5.4.1/../../../../arm-none-eabi/lib/armv7e-m/fpu\libc_nano.a(lib_a-nano-vfprintf_float.o)
 .debug_frame   0x000000d4       0x60 c:/ac6/systemworkbench/plugins/fr.ac6.mcu.externaltools.arm-none.win32_1.13.2.201705091103/tools/compiler/bin/../lib/gcc/arm-none-eabi/5.4.1/../../../../arm-none-eabi/lib/armv7e-m/fpu\libc_nano.a(lib_a-nano-vfprintf_i.o)
 .debug_frame   0x00000134       0x6c c:/ac6/systemworkbench/plugins/fr.ac6.mcu.externaltools.arm-none.win32_1.13.2.201705091103/tools/compiler/bin/../lib/gcc/arm-none-eabi/5.4.1/../../../../arm-none-eabi/lib/armv7e-m/fpu\libc_nano.a(lib_a-dtoa.o)
 .debug_frame   0x000001a0       0x40 c:/ac6/systemworkbench/plugins/fr.ac6.mcu.externaltools.arm-none.win32_1.13.2.201705091103/tools/compiler/bin/../lib/gcc/arm-none-eabi/5.4.1/../../../../arm-none-eabi/lib/armv7e-m/fpu\libc_nano.a(lib_a-localeconv.o)
 .debug_frame   0x000001e0       0x30 c:/ac6/systemworkbench/plugins/fr.ac6.mcu.externaltools.arm-none.win32_1.13.2.201705091103/tools/compiler/bin/../lib/gcc/arm-none-eabi/5.4.1/../../../../arm-none-eabi/lib/armv7e-m/fpu\libc_nano.a(lib_a-malloc.o)
 .debug_frame   0x00000210       0x28 c:/ac6/systemworkbench/plugins/fr.ac6.mcu.externaltools.arm-none.win32_1.13.2.201705091103/tools/compiler/bin/../lib/gcc/arm-none-eabi/5.4.1/../../../../arm-none-eabi/lib/armv7e-m/fpu\libc_nano.a(lib_a-memcpy-stub.o)
 .debug_frame   0x00000238      0x238 c:/ac6/systemworkbench/plugins/fr.ac6.mcu.externaltools.arm-none.win32_1.13.2.201705091103/tools/compiler/bin/../lib/gcc/arm-none-eabi/5.4.1/../../../../arm-none-eabi/lib/armv7e-m/fpu\libc_nano.a(lib_a-mprec.o)
 .debug_frame   0x00000470       0x2c c:/ac6/systemworkbench/plugins/fr.ac6.mcu.externaltools.arm-none.win32_1.13.2.201705091103/tools/compiler/bin/../lib/gcc/arm-none-eabi/5.4.1/../../../../arm-none-eabi/lib/armv7e-m/fpu\libc_nano.a(lib_a-nano-callocr.o)
 .debug_frame   0x0000049c       0x38 c:/ac6/systemworkbench/plugins/fr.ac6.mcu.externaltools.arm-none.win32_1.13.2.201705091103/tools/compiler/bin/../lib/gcc/arm-none-eabi/5.4.1/../../../../arm-none-eabi/lib/armv7e-m/fpu\libc_nano.a(lib_a-nano-freer.o)
 .debug_frame   0x000004d4       0x2c c:/ac6/systemworkbench/plugins/fr.ac6.mcu.externaltools.arm-none.win32_1.13.2.201705091103/tools/compiler/bin/../lib/gcc/arm-none-eabi/5.4.1/../../../../arm-none-eabi/lib/armv7e-m/fpu\libc_nano.a(lib_a-nano-mallocr.o)
 .debug_frame   0x00000500       0x2c c:/ac6/systemworkbench/plugins/fr.ac6.mcu.externaltools.arm-none.win32_1.13.2.201705091103/tools/compiler/bin/../lib/gcc/arm-none-eabi/5.4.1/../../../../arm-none-eabi/lib/armv7e-m/fpu\libc_nano.a(lib_a-sbrkr.o)
 .debug_frame   0x0000052c       0x88 c:/ac6/systemworkbench/plugins/fr.ac6.mcu.externaltools.arm-none.win32_1.13.2.201705091103/tools/compiler/bin/../lib/gcc/arm-none-eabi/5.4.1/../../../../arm-none-eabi/lib/armv7e-m/fpu\libc_nano.a(lib_a-locale.o)
 .debug_frame   0x000005b4       0x44 c:/ac6/systemworkbench/plugins/fr.ac6.mcu.externaltools.arm-none.win32_1.13.2.201705091103/tools/compiler/bin/../lib/gcc/arm-none-eabi/5.4.1/../../../../arm-none-eabi/lib/armv7e-m/fpu\libc_nano.a(lib_a-mbtowc_r.o)
 .debug_frame   0x000005f8       0x30 c:/ac6/systemworkbench/plugins/fr.ac6.mcu.externaltools.arm-none.win32_1.13.2.201705091103/tools/compiler/bin/../lib/gcc/arm-none-eabi/5.4.1/../../../../arm-none-eabi/lib/armv7e-m/fpu\libc_nano.a(lib_a-mlock.o)
 .debug_frame   0x00000628       0x5c c:/ac6/systemworkbench/plugins/fr.ac6.mcu.externaltools.arm-none.win32_1.13.2.201705091103/tools/compiler/bin/../lib/gcc/arm-none-eabi/5.4.1/../../../../arm-none-eabi/lib/armv7e-m/fpu\libc_nano.a(lib_a-reent.o)
 .debug_frame   0x00000684       0x3c c:/ac6/systemworkbench/plugins/fr.ac6.mcu.externaltools.arm-none.win32_1.13.2.201705091103/tools/compiler/bin/../lib/gcc/arm-none-eabi/5.4.1/../../../../arm-none-eabi/lib/armv7e-m/fpu\libc_nano.a(lib_a-wctomb_r.o)
 .debug_frame   0x000006c0      0x334 c:/ac6/systemworkbench/plugins/fr.ac6.mcu.externaltools.arm-none.win32_1.13.2.201705091103/tools/compiler/bin/../lib/gcc/arm-none-eabi/5.4.1/../../../../arm-none-eabi/lib/armv7e-m/fpu\librdimon_nano.a(rdimon-syscalls.o)
 .debug_frame   0x000009f4      0x1b8 Drivers/STM32F4xx_HAL_Driver/Src/stm32f4xx_hal.o
 .debug_frame   0x00000bac      0x154 Drivers/STM32F4xx_HAL_Driver/Src/stm32f4xx_hal_cortex.o
 .debug_frame   0x00000d00       0xe8 Drivers/STM32F4xx_HAL_Driver/Src/stm32f4xx_hal_pwr_ex.o
 .debug_frame   0x00000de8      0x150 Drivers/STM32F4xx_HAL_Driver/Src/stm32f4xx_hal_rcc.o
 .debug_frame   0x00000f38       0xa4 Src/Gpio.o
 .debug_frame   0x00000fdc       0x78 Src/IWDG.o
 .debug_frame   0x00001054      0x108 Src/Rcc.o
 .debug_frame   0x0000115c       0xcc Src/main.o
 .debug_frame   0x00001228       0x28 Src/stm32f4xx_hal_msp.o
 .debug_frame   0x00001250       0xa8 Src/stm32f4xx_it.o
 .debug_frame   0x000012f8       0x30 Src/system_stm32f4xx.o
 .debug_frame   0x00001328       0x20 c:/ac6/systemworkbench/plugins/fr.ac6.mcu.externaltools.arm-none.win32_1.13.2.201705091103/tools/compiler/bin/../lib/gcc/arm-none-eabi/5.4.1/../../../../arm-none-eabi/lib/armv7e-m/fpu\libc_nano.a(lib_a-errno.o)
 .debug_frame   0x00001348      0x11c c:/ac6/systemworkbench/plugins/fr.ac6.mcu.externaltools.arm-none.win32_1.13.2.201705091103/tools/compiler/bin/../lib/gcc/arm-none-eabi/5.4.1/../../../../arm-none-eabi/lib/armv7e-m/fpu\libc_nano.a(lib_a-findfp.o)
 .debug_frame   0x00001464       0x54 c:/ac6/systemworkbench/plugins/fr.ac6.mcu.externaltools.arm-none.win32_1.13.2.201705091103/tools/compiler/bin/../lib/gcc/arm-none-eabi/5.4.1/../../../../arm-none-eabi/lib/armv7e-m/fpu\libc_nano.a(lib_a-fwalk.o)
 .debug_frame   0x000014b8       0x74 c:/ac6/systemworkbench/plugins/fr.ac6.mcu.externaltools.arm-none.win32_1.13.2.201705091103/tools/compiler/bin/../lib/gcc/arm-none-eabi/5.4.1/../../../../arm-none-eabi/lib/armv7e-m/fpu\libc_nano.a(lib_a-printf.o)
 .debug_frame   0x0000152c       0x3c c:/ac6/systemworkbench/plugins/fr.ac6.mcu.externaltools.arm-none.win32_1.13.2.201705091103/tools/compiler/bin/../lib/gcc/arm-none-eabi/5.4.1/../../../../arm-none-eabi/lib/armv7e-m/fpu\libc_nano.a(lib_a-puts.o)
 .debug_frame   0x00001568       0x88 c:/ac6/systemworkbench/plugins/fr.ac6.mcu.externaltools.arm-none.win32_1.13.2.201705091103/tools/compiler/bin/../lib/gcc/arm-none-eabi/5.4.1/../../../../arm-none-eabi/lib/armv7e-m/fpu\libc_nano.a(lib_a-stdio.o)
 .debug_frame   0x000015f0       0x40 c:/ac6/systemworkbench/plugins/fr.ac6.mcu.externaltools.arm-none.win32_1.13.2.201705091103/tools/compiler/bin/../lib/gcc/arm-none-eabi/5.4.1/../../../../arm-none-eabi/lib/armv7e-m/fpu\libc_nano.a(lib_a-wbuf.o)
 .debug_frame   0x00001630       0x2c c:/ac6/systemworkbench/plugins/fr.ac6.mcu.externaltools.arm-none.win32_1.13.2.201705091103/tools/compiler/bin/../lib/gcc/arm-none-eabi/5.4.1/../../../../arm-none-eabi/lib/armv7e-m/fpu\libc_nano.a(lib_a-writer.o)
 .debug_frame   0x0000165c       0x2c c:/ac6/systemworkbench/plugins/fr.ac6.mcu.externaltools.arm-none.win32_1.13.2.201705091103/tools/compiler/bin/../lib/gcc/arm-none-eabi/5.4.1/../../../../arm-none-eabi/lib/armv7e-m/fpu\libc_nano.a(lib_a-wsetup.o)
 .debug_frame   0x00001688       0x2c c:/ac6/systemworkbench/plugins/fr.ac6.mcu.externaltools.arm-none.win32_1.13.2.201705091103/tools/compiler/bin/../lib/gcc/arm-none-eabi/5.4.1/../../../../arm-none-eabi/lib/armv7e-m/fpu\libc_nano.a(lib_a-closer.o)
 .debug_frame   0x000016b4       0x68 c:/ac6/systemworkbench/plugins/fr.ac6.mcu.externaltools.arm-none.win32_1.13.2.201705091103/tools/compiler/bin/../lib/gcc/arm-none-eabi/5.4.1/../../../../arm-none-eabi/lib/armv7e-m/fpu\libc_nano.a(lib_a-fflush.o)
 .debug_frame   0x0000171c       0x2c c:/ac6/systemworkbench/plugins/fr.ac6.mcu.externaltools.arm-none.win32_1.13.2.201705091103/tools/compiler/bin/../lib/gcc/arm-none-eabi/5.4.1/../../../../arm-none-eabi/lib/armv7e-m/fpu\libc_nano.a(lib_a-lseekr.o)
 .debug_frame   0x00001748       0x54 c:/ac6/systemworkbench/plugins/fr.ac6.mcu.externaltools.arm-none.win32_1.13.2.201705091103/tools/compiler/bin/../lib/gcc/arm-none-eabi/5.4.1/../../../../arm-none-eabi/lib/armv7e-m/fpu\libc_nano.a(lib_a-makebuf.o)
 .debug_frame   0x0000179c       0xac c:/ac6/systemworkbench/plugins/fr.ac6.mcu.externaltools.arm-none.win32_1.13.2.201705091103/tools/compiler/bin/../lib/gcc/arm-none-eabi/5.4.1/../../../../arm-none-eabi/lib/armv7e-m/fpu\libc_nano.a(lib_a-nano-vfprintf.o)
 .debug_frame   0x00001848       0x2c c:/ac6/systemworkbench/plugins/fr.ac6.mcu.externaltools.arm-none.win32_1.13.2.201705091103/tools/compiler/bin/../lib/gcc/arm-none-eabi/5.4.1/../../../../arm-none-eabi/lib/armv7e-m/fpu\libc_nano.a(lib_a-readr.o)
 .debug_frame   0x00001874       0x2c c:/ac6/systemworkbench/plugins/fr.ac6.mcu.externaltools.arm-none.win32_1.13.2.201705091103/tools/compiler/bin/../lib/gcc/arm-none-eabi/5.4.1/../../../../arm-none-eabi/lib/armv7e-m/fpu\libc_nano.a(lib_a-fstatr.o)
 .debug_frame   0x000018a0       0x2c c:/ac6/systemworkbench/plugins/fr.ac6.mcu.externaltools.arm-none.win32_1.13.2.201705091103/tools/compiler/bin/../lib/gcc/arm-none-eabi/5.4.1/../../../../arm-none-eabi/lib/armv7e-m/fpu\libc_nano.a(lib_a-isattyr.o)

.debug_info     0x00000000     0x5220
 .debug_info    0x00000000      0x9f8 Drivers/STM32F4xx_HAL_Driver/Src/stm32f4xx_hal.o
 .debug_info    0x000009f8      0xf43 Drivers/STM32F4xx_HAL_Driver/Src/stm32f4xx_hal_cortex.o
 .debug_info    0x0000193b      0x93a Drivers/STM32F4xx_HAL_Driver/Src/stm32f4xx_hal_pwr_ex.o
 .debug_info    0x00002275      0xcff Drivers/STM32F4xx_HAL_Driver/Src/stm32f4xx_hal_rcc.o
 .debug_info    0x00002f74      0x311 Src/Gpio.o
 .debug_info    0x00003285      0x1f3 Src/IWDG.o
 .debug_info    0x00003478      0x4b5 Src/Rcc.o
 .debug_info    0x0000392d      0xdf2 Src/main.o
 .debug_info    0x0000471f      0x414 Src/stm32f4xx_hal_msp.o
 .debug_info    0x00004b33      0x173 Src/stm32f4xx_it.o
 .debug_info    0x00004ca6      0x51a Src/system_stm32f4xx.o
 .debug_info    0x000051c0       0x60 startup/startup_stm32f429xx.o

.debug_abbrev   0x00000000     0x128f
 .debug_abbrev  0x00000000      0x25c Drivers/STM32F4xx_HAL_Driver/Src/stm32f4xx_hal.o
 .debug_abbrev  0x0000025c      0x2fe Drivers/STM32F4xx_HAL_Driver/Src/stm32f4xx_hal_cortex.o
 .debug_abbrev  0x0000055a      0x237 Drivers/STM32F4xx_HAL_Driver/Src/stm32f4xx_hal_pwr_ex.o
 .debug_abbrev  0x00000791      0x2b0 Drivers/STM32F4xx_HAL_Driver/Src/stm32f4xx_hal_rcc.o
 .debug_abbrev  0x00000a41       0xff Src/Gpio.o
 .debug_abbrev  0x00000b40       0xe7 Src/IWDG.o
 .debug_abbrev  0x00000c27      0x188 Src/Rcc.o
 .debug_abbrev  0x00000daf      0x23c Src/main.o
 .debug_abbrev  0x00000feb       0xc2 Src/stm32f4xx_hal_msp.o
 .debug_abbrev  0x000010ad       0xcc Src/stm32f4xx_it.o
 .debug_abbrev  0x00001179      0x104 Src/system_stm32f4xx.o
 .debug_abbrev  0x0000127d       0x12 startup/startup_stm32f429xx.o

.debug_loc      0x00000000     0x1336
 .debug_loc     0x00000000       0xbd Drivers/STM32F4xx_HAL_Driver/Src/stm32f4xx_hal.o
 .debug_loc     0x000000bd      0x548 Drivers/STM32F4xx_HAL_Driver/Src/stm32f4xx_hal_cortex.o
 .debug_loc     0x00000605      0x297 Drivers/STM32F4xx_HAL_Driver/Src/stm32f4xx_hal_pwr_ex.o
 .debug_loc     0x0000089c      0x622 Drivers/STM32F4xx_HAL_Driver/Src/stm32f4xx_hal_rcc.o
 .debug_loc     0x00000ebe      0x273 Src/Gpio.o
 .debug_loc     0x00001131       0x84 Src/IWDG.o
 .debug_loc     0x000011b5       0x4f Src/Rcc.o
 .debug_loc     0x00001204      0x132 Src/system_stm32f4xx.o

.debug_aranges  0x00000000      0x4b8
 .debug_aranges
                0x00000000       0xd8 Drivers/STM32F4xx_HAL_Driver/Src/stm32f4xx_hal.o
 .debug_aranges
                0x000000d8       0xa8 Drivers/STM32F4xx_HAL_Driver/Src/stm32f4xx_hal_cortex.o
 .debug_aranges
                0x00000180       0x60 Drivers/STM32F4xx_HAL_Driver/Src/stm32f4xx_hal_pwr_ex.o
 .debug_aranges
                0x000001e0       0x88 Drivers/STM32F4xx_HAL_Driver/Src/stm32f4xx_hal_rcc.o
 .debug_aranges
                0x00000268       0x50 Src/Gpio.o
 .debug_aranges
                0x000002b8       0x48 Src/IWDG.o
 .debug_aranges
                0x00000300       0x90 Src/Rcc.o
 .debug_aranges
                0x00000390       0x58 Src/main.o
 .debug_aranges
                0x000003e8       0x20 Src/stm32f4xx_hal_msp.o
 .debug_aranges
                0x00000408       0x60 Src/stm32f4xx_it.o
 .debug_aranges
                0x00000468       0x28 Src/system_stm32f4xx.o
 .debug_aranges
                0x00000490       0x28 startup/startup_stm32f429xx.o

.debug_ranges   0x00000000      0x400
 .debug_ranges  0x00000000       0xc8 Drivers/STM32F4xx_HAL_Driver/Src/stm32f4xx_hal.o
 .debug_ranges  0x000000c8       0x98 Drivers/STM32F4xx_HAL_Driver/Src/stm32f4xx_hal_cortex.o
 .debug_ranges  0x00000160       0x50 Drivers/STM32F4xx_HAL_Driver/Src/stm32f4xx_hal_pwr_ex.o
 .debug_ranges  0x000001b0       0x78 Drivers/STM32F4xx_HAL_Driver/Src/stm32f4xx_hal_rcc.o
 .debug_ranges  0x00000228       0x40 Src/Gpio.o
 .debug_ranges  0x00000268       0x38 Src/IWDG.o
 .debug_ranges  0x000002a0       0x80 Src/Rcc.o
 .debug_ranges  0x00000320       0x48 Src/main.o
 .debug_ranges  0x00000368       0x10 Src/stm32f4xx_hal_msp.o
 .debug_ranges  0x00000378       0x50 Src/stm32f4xx_it.o
 .debug_ranges  0x000003c8       0x18 Src/system_stm32f4xx.o
 .debug_ranges  0x000003e0       0x20 startup/startup_stm32f429xx.o

.debug_macro    0x00000000    0x2275a
 .debug_macro   0x00000000      0x34b Drivers/STM32F4xx_HAL_Driver/Src/stm32f4xx_hal.o
 .debug_macro   0x0000034b      0x898 Drivers/STM32F4xx_HAL_Driver/Src/stm32f4xx_hal.o
 .debug_macro   0x00000be3       0x10 Drivers/STM32F4xx_HAL_Driver/Src/stm32f4xx_hal.o
 .debug_macro   0x00000bf3      0x174 Drivers/STM32F4xx_HAL_Driver/Src/stm32f4xx_hal.o
 .debug_macro   0x00000d67       0x33 Drivers/STM32F4xx_HAL_Driver/Src/stm32f4xx_hal.o
 .debug_macro   0x00000d9a       0x28 Drivers/STM32F4xx_HAL_Driver/Src/stm32f4xx_hal.o
 .debug_macro   0x00000dc2       0x22 Drivers/STM32F4xx_HAL_Driver/Src/stm32f4xx_hal.o
 .debug_macro   0x00000de4       0x87 Drivers/STM32F4xx_HAL_Driver/Src/stm32f4xx_hal.o
 .debug_macro   0x00000e6b       0x44 Drivers/STM32F4xx_HAL_Driver/Src/stm32f4xx_hal.o
 .debug_macro   0x00000eaf       0xfd Drivers/STM32F4xx_HAL_Driver/Src/stm32f4xx_hal.o
 .debug_macro   0x00000fac       0x5e Drivers/STM32F4xx_HAL_Driver/Src/stm32f4xx_hal.o
 .debug_macro   0x0000100a      0x1df Drivers/STM32F4xx_HAL_Driver/Src/stm32f4xx_hal.o
 .debug_macro   0x000011e9       0x35 Drivers/STM32F4xx_HAL_Driver/Src/stm32f4xx_hal.o
 .debug_macro   0x0000121e       0x50 Drivers/STM32F4xx_HAL_Driver/Src/stm32f4xx_hal.o
 .debug_macro   0x0000126e      0xe66 Drivers/STM32F4xx_HAL_Driver/Src/stm32f4xx_hal.o
 .debug_macro   0x000020d4    0x17f45 Drivers/STM32F4xx_HAL_Driver/Src/stm32f4xx_hal.o
 .debug_macro   0x0001a019       0x43 Drivers/STM32F4xx_HAL_Driver/Src/stm32f4xx_hal.o
 .debug_macro   0x0001a05c     0x35e4 Drivers/STM32F4xx_HAL_Driver/Src/stm32f4xx_hal.o
 .debug_macro   0x0001d640       0x52 Drivers/STM32F4xx_HAL_Driver/Src/stm32f4xx_hal.o
 .debug_macro   0x0001d692       0x35 Drivers/STM32F4xx_HAL_Driver/Src/stm32f4xx_hal.o
 .debug_macro   0x0001d6c7       0x9c Drivers/STM32F4xx_HAL_Driver/Src/stm32f4xx_hal.o
 .debug_macro   0x0001d763       0x16 Drivers/STM32F4xx_HAL_Driver/Src/stm32f4xx_hal.o
 .debug_macro   0x0001d779       0x97 Drivers/STM32F4xx_HAL_Driver/Src/stm32f4xx_hal.o
 .debug_macro   0x0001d810      0x30d Drivers/STM32F4xx_HAL_Driver/Src/stm32f4xx_hal.o
 .debug_macro   0x0001db1d       0xfd Drivers/STM32F4xx_HAL_Driver/Src/stm32f4xx_hal.o
 .debug_macro   0x0001dc1a       0x10 Drivers/STM32F4xx_HAL_Driver/Src/stm32f4xx_hal.o
 .debug_macro   0x0001dc2a       0x52 Drivers/STM32F4xx_HAL_Driver/Src/stm32f4xx_hal.o
 .debug_macro   0x0001dc7c       0x1f Drivers/STM32F4xx_HAL_Driver/Src/stm32f4xx_hal.o
 .debug_macro   0x0001dc9b       0x43 Drivers/STM32F4xx_HAL_Driver/Src/stm32f4xx_hal.o
 .debug_macro   0x0001dcde       0x20 Drivers/STM32F4xx_HAL_Driver/Src/stm32f4xx_hal.o
 .debug_macro   0x0001dcfe      0x187 Drivers/STM32F4xx_HAL_Driver/Src/stm32f4xx_hal.o
 .debug_macro   0x0001de85       0x10 Drivers/STM32F4xx_HAL_Driver/Src/stm32f4xx_hal.o
 .debug_macro   0x0001de95       0x1c Drivers/STM32F4xx_HAL_Driver/Src/stm32f4xx_hal.o
 .debug_macro   0x0001deb1       0x52 Drivers/STM32F4xx_HAL_Driver/Src/stm32f4xx_hal.o
 .debug_macro   0x0001df03       0x40 Drivers/STM32F4xx_HAL_Driver/Src/stm32f4xx_hal.o
 .debug_macro   0x0001df43       0x10 Drivers/STM32F4xx_HAL_Driver/Src/stm32f4xx_hal.o
 .debug_macro   0x0001df53       0x40 Drivers/STM32F4xx_HAL_Driver/Src/stm32f4xx_hal.o
 .debug_macro   0x0001df93       0xd7 Drivers/STM32F4xx_HAL_Driver/Src/stm32f4xx_hal.o
 .debug_macro   0x0001e06a       0x16 Drivers/STM32F4xx_HAL_Driver/Src/stm32f4xx_hal.o
 .debug_macro   0x0001e080      0x18b Drivers/STM32F4xx_HAL_Driver/Src/stm32f4xx_hal.o
 .debug_macro   0x0001e20b       0x50 Drivers/STM32F4xx_HAL_Driver/Src/stm32f4xx_hal.o
 .debug_macro   0x0001e25b      0xca5 Drivers/STM32F4xx_HAL_Driver/Src/stm32f4xx_hal.o
 .debug_macro   0x0001ef00      0x9e1 Drivers/STM32F4xx_HAL_Driver/Src/stm32f4xx_hal.o
 .debug_macro   0x0001f8e1      0x11e Drivers/STM32F4xx_HAL_Driver/Src/stm32f4xx_hal.o
 .debug_macro   0x0001f9ff      0x161 Drivers/STM32F4xx_HAL_Driver/Src/stm32f4xx_hal.o
 .debug_macro   0x0001fb60       0x27 Drivers/STM32F4xx_HAL_Driver/Src/stm32f4xx_hal.o
 .debug_macro   0x0001fb87      0x287 Drivers/STM32F4xx_HAL_Driver/Src/stm32f4xx_hal.o
 .debug_macro   0x0001fe0e       0x5f Drivers/STM32F4xx_HAL_Driver/Src/stm32f4xx_hal.o
 .debug_macro   0x0001fe6d      0x23a Drivers/STM32F4xx_HAL_Driver/Src/stm32f4xx_hal.o
 .debug_macro   0x000200a7      0x13a Drivers/STM32F4xx_HAL_Driver/Src/stm32f4xx_hal.o
 .debug_macro   0x000201e1      0x41d Drivers/STM32F4xx_HAL_Driver/Src/stm32f4xx_hal.o
 .debug_macro   0x000205fe       0x2e Drivers/STM32F4xx_HAL_Driver/Src/stm32f4xx_hal.o
 .debug_macro   0x0002062c      0x11e Drivers/STM32F4xx_HAL_Driver/Src/stm32f4xx_hal.o
 .debug_macro   0x0002074a       0xe2 Drivers/STM32F4xx_HAL_Driver/Src/stm32f4xx_hal.o
 .debug_macro   0x0002082c       0x89 Drivers/STM32F4xx_HAL_Driver/Src/stm32f4xx_hal.o
 .debug_macro   0x000208b5      0x12c Drivers/STM32F4xx_HAL_Driver/Src/stm32f4xx_hal.o
 .debug_macro   0x000209e1      0x2eb Drivers/STM32F4xx_HAL_Driver/Src/stm32f4xx_hal_cortex.o
 .debug_macro   0x00020ccc      0x303 Drivers/STM32F4xx_HAL_Driver/Src/stm32f4xx_hal_pwr_ex.o
 .debug_macro   0x00020fcf      0x315 Drivers/STM32F4xx_HAL_Driver/Src/stm32f4xx_hal_rcc.o
 .debug_macro   0x000212e4       0x72 Src/Gpio.o
 .debug_macro   0x00021356      0x12a Src/Gpio.o
 .debug_macro   0x00021480       0x72 Src/IWDG.o
 .debug_macro   0x000214f2       0xb8 Src/IWDG.o
 .debug_macro   0x000215aa       0x7b Src/Rcc.o
 .debug_macro   0x00021625      0x42b Src/main.o
 .debug_macro   0x00021a50       0x28 Src/main.o
 .debug_macro   0x00021a78       0x6a Src/main.o
 .debug_macro   0x00021ae2       0x5e Src/main.o
 .debug_macro   0x00021b40       0x2e Src/main.o
 .debug_macro   0x00021b6e       0x5e Src/main.o